Archive member included because of file (symbol)

c:/altera/13.0sp1/nios2eds/bin/gnu/h-i686-mingw32/bin/../lib/gcc/nios2-elf/4.1.2/mno-hw-mul\libgcc.a(lib2-mul.o)
                              obj/default/hello_world.o (__mulsi3)
../montreNIOS_bsp/\libhal_bsp.a(alt_irq_register.o)
                              obj/default/hello_world.o (alt_irq_register)
../montreNIOS_bsp/\libhal_bsp.a(alt_irq_vars.o)
                              ../montreNIOS_bsp/\libhal_bsp.a(alt_irq_register.o) (alt_irq_active)
../montreNIOS_bsp/\libhal_bsp.a(alt_load.o)
                              ../montreNIOS_bsp//obj/HAL/src/crt0.o (alt_load)
../montreNIOS_bsp/\libhal_bsp.a(alt_main.o)
                              ../montreNIOS_bsp//obj/HAL/src/crt0.o (alt_main)
../montreNIOS_bsp/\libhal_bsp.a(alt_sys_init.o)
                              ../montreNIOS_bsp/\libhal_bsp.a(alt_main.o) (alt_irq_init)
../montreNIOS_bsp/\libhal_bsp.a(altera_avalon_jtag_uart_fd.o)
                              ../montreNIOS_bsp/\libhal_bsp.a(alt_sys_init.o) (altera_avalon_jtag_uart_read_fd)
../montreNIOS_bsp/\libhal_bsp.a(altera_avalon_jtag_uart_init.o)
                              ../montreNIOS_bsp/\libhal_bsp.a(alt_sys_init.o) (altera_avalon_jtag_uart_init)
../montreNIOS_bsp/\libhal_bsp.a(altera_avalon_jtag_uart_ioctl.o)
                              ../montreNIOS_bsp/\libhal_bsp.a(altera_avalon_jtag_uart_fd.o) (altera_avalon_jtag_uart_ioctl)
../montreNIOS_bsp/\libhal_bsp.a(altera_avalon_jtag_uart_read.o)
                              ../montreNIOS_bsp/\libhal_bsp.a(altera_avalon_jtag_uart_fd.o) (altera_avalon_jtag_uart_read)
../montreNIOS_bsp/\libhal_bsp.a(altera_avalon_jtag_uart_write.o)
                              ../montreNIOS_bsp/\libhal_bsp.a(altera_avalon_jtag_uart_fd.o) (altera_avalon_jtag_uart_write)
../montreNIOS_bsp/\libhal_bsp.a(altera_avalon_timer_sc.o)
                              ../montreNIOS_bsp/\libhal_bsp.a(alt_sys_init.o) (alt_avalon_timer_sc_init)
../montreNIOS_bsp/\libhal_bsp.a(alt_alarm_start.o)
                              ../montreNIOS_bsp/\libhal_bsp.a(altera_avalon_jtag_uart_init.o) (alt_alarm_start)
../montreNIOS_bsp/\libhal_bsp.a(alt_close.o)
                              ../montreNIOS_bsp/\libhal_bsp.a(alt_main.o) (close)
../montreNIOS_bsp/\libhal_bsp.a(alt_dcache_flush_all.o)
                              ../montreNIOS_bsp/\libhal_bsp.a(alt_load.o) (alt_dcache_flush_all)
../montreNIOS_bsp/\libhal_bsp.a(alt_dev.o)
                              ../montreNIOS_bsp/\libhal_bsp.a(alt_sys_init.o) (alt_dev_list)
../montreNIOS_bsp/\libhal_bsp.a(alt_dev_llist_insert.o)
                              ../montreNIOS_bsp/\libhal_bsp.a(alt_sys_init.o) (alt_dev_llist_insert)
../montreNIOS_bsp/\libhal_bsp.a(alt_do_ctors.o)
                              ../montreNIOS_bsp/\libhal_bsp.a(alt_main.o) (_do_ctors)
../montreNIOS_bsp/\libhal_bsp.a(alt_do_dtors.o)
                              ../montreNIOS_bsp/\libhal_bsp.a(alt_main.o) (_do_dtors)
../montreNIOS_bsp/\libhal_bsp.a(alt_errno.o)
                              ../montreNIOS_bsp/\libhal_bsp.a(alt_close.o) (alt_errno)
../montreNIOS_bsp/\libhal_bsp.a(alt_icache_flush_all.o)
                              ../montreNIOS_bsp/\libhal_bsp.a(alt_load.o) (alt_icache_flush_all)
../montreNIOS_bsp/\libhal_bsp.a(alt_io_redirect.o)
                              ../montreNIOS_bsp/\libhal_bsp.a(alt_main.o) (alt_io_redirect)
../montreNIOS_bsp/\libhal_bsp.a(alt_irq_entry.o)
                              ../montreNIOS_bsp/\libhal_bsp.a(alt_irq_register.o) (alt_irq_entry)
../montreNIOS_bsp/\libhal_bsp.a(alt_irq_handler.o)
                              ../montreNIOS_bsp/\libhal_bsp.a(alt_irq_register.o) (alt_irq_handler)
../montreNIOS_bsp/\libhal_bsp.a(alt_open.o)
                              ../montreNIOS_bsp/\libhal_bsp.a(alt_io_redirect.o) (open)
../montreNIOS_bsp/\libhal_bsp.a(alt_release_fd.o)
                              ../montreNIOS_bsp/\libhal_bsp.a(alt_close.o) (alt_release_fd)
../montreNIOS_bsp/\libhal_bsp.a(alt_tick.o)
                              ../montreNIOS_bsp/\libhal_bsp.a(altera_avalon_jtag_uart_init.o) (_alt_tick_rate)
../montreNIOS_bsp/\libhal_bsp.a(altera_nios2_qsys_irq.o)
                              ../montreNIOS_bsp/\libhal_bsp.a(alt_sys_init.o) (altera_nios2_qsys_irq_init)
../montreNIOS_bsp/\libhal_bsp.a(alt_exception_entry.o)
                              ../montreNIOS_bsp/\libhal_bsp.a(alt_irq_entry.o) (alt_exception)
../montreNIOS_bsp/\libhal_bsp.a(alt_find_dev.o)
                              ../montreNIOS_bsp/\libhal_bsp.a(alt_open.o) (alt_find_dev)
../montreNIOS_bsp/\libhal_bsp.a(alt_find_file.o)
                              ../montreNIOS_bsp/\libhal_bsp.a(alt_open.o) (alt_find_file)
../montreNIOS_bsp/\libhal_bsp.a(alt_get_fd.o)
                              ../montreNIOS_bsp/\libhal_bsp.a(alt_open.o) (alt_get_fd)
c:/altera/13.0sp1/nios2eds/bin/gnu/h-i686-mingw32/bin/../lib/gcc/nios2-elf/4.1.2/../../../../nios2-elf/lib/mno-hw-mul\libc.a(lib_a-atexit.o)
                              ../montreNIOS_bsp/\libhal_bsp.a(alt_main.o) (atexit)
c:/altera/13.0sp1/nios2eds/bin/gnu/h-i686-mingw32/bin/../lib/gcc/nios2-elf/4.1.2/../../../../nios2-elf/lib/mno-hw-mul\libc.a(lib_a-exit.o)
                              ../montreNIOS_bsp/\libhal_bsp.a(alt_main.o) (exit)
c:/altera/13.0sp1/nios2eds/bin/gnu/h-i686-mingw32/bin/../lib/gcc/nios2-elf/4.1.2/../../../../nios2-elf/lib/mno-hw-mul\libc.a(lib_a-impure.o)
                              c:/altera/13.0sp1/nios2eds/bin/gnu/h-i686-mingw32/bin/../lib/gcc/nios2-elf/4.1.2/../../../../nios2-elf/lib/mno-hw-mul\libc.a(lib_a-exit.o) (_global_impure_ptr)
c:/altera/13.0sp1/nios2eds/bin/gnu/h-i686-mingw32/bin/../lib/gcc/nios2-elf/4.1.2/../../../../nios2-elf/lib/mno-hw-mul\libc.a(lib_a-int_errno.o)
                              ../montreNIOS_bsp/\libhal_bsp.a(alt_close.o) (errno)
c:/altera/13.0sp1/nios2eds/bin/gnu/h-i686-mingw32/bin/../lib/gcc/nios2-elf/4.1.2/../../../../nios2-elf/lib/mno-hw-mul\libc.a(lib_a-memcmp.o)
                              ../montreNIOS_bsp/\libhal_bsp.a(alt_find_dev.o) (memcmp)
c:/altera/13.0sp1/nios2eds/bin/gnu/h-i686-mingw32/bin/../lib/gcc/nios2-elf/4.1.2/../../../../nios2-elf/lib/mno-hw-mul\libc.a(lib_a-memcpy.o)
                              ../montreNIOS_bsp/\libhal_bsp.a(altera_avalon_jtag_uart_read.o) (memcpy)
c:/altera/13.0sp1/nios2eds/bin/gnu/h-i686-mingw32/bin/../lib/gcc/nios2-elf/4.1.2/../../../../nios2-elf/lib/mno-hw-mul\libc.a(lib_a-strlen.o)
                              ../montreNIOS_bsp/\libhal_bsp.a(alt_find_dev.o) (strlen)
c:/altera/13.0sp1/nios2eds/bin/gnu/h-i686-mingw32/bin/../lib/gcc/nios2-elf/4.1.2/../../../../nios2-elf/lib/mno-hw-mul\libc.a(lib_a-__atexit.o)
                              c:/altera/13.0sp1/nios2eds/bin/gnu/h-i686-mingw32/bin/../lib/gcc/nios2-elf/4.1.2/../../../../nios2-elf/lib/mno-hw-mul\libc.a(lib_a-atexit.o) (__register_exitproc)
c:/altera/13.0sp1/nios2eds/bin/gnu/h-i686-mingw32/bin/../lib/gcc/nios2-elf/4.1.2/../../../../nios2-elf/lib/mno-hw-mul\libc.a(lib_a-__call_atexit.o)
                              c:/altera/13.0sp1/nios2eds/bin/gnu/h-i686-mingw32/bin/../lib/gcc/nios2-elf/4.1.2/../../../../nios2-elf/lib/mno-hw-mul\libc.a(lib_a-exit.o) (__call_exitprocs)
../montreNIOS_bsp/\libhal_bsp.a(alt_exit.o)
                              c:/altera/13.0sp1/nios2eds/bin/gnu/h-i686-mingw32/bin/../lib/gcc/nios2-elf/4.1.2/../../../../nios2-elf/lib/mno-hw-mul\libc.a(lib_a-exit.o) (_exit)

Allocating common symbols
Common symbol       size              file

alt_irq             0x100             ../montreNIOS_bsp/\libhal_bsp.a(alt_irq_handler.o)
chrono_seconds      0x2               obj/default/hello_world.o
chrono_minute       0x2               obj/default/hello_world.o
edge_capture        0x4               obj/default/hello_world.o
errno               0x4               c:/altera/13.0sp1/nios2eds/bin/gnu/h-i686-mingw32/bin/../lib/gcc/nios2-elf/4.1.2/../../../../nios2-elf/lib/mno-hw-mul\libc.a(lib_a-int_errno.o)
temps_seconds       0x2               obj/default/hello_world.o
temps_minute        0x2               obj/default/hello_world.o
temps_heurs         0x2               obj/default/hello_world.o
_atexit0            0x190             c:/altera/13.0sp1/nios2eds/bin/gnu/h-i686-mingw32/bin/../lib/gcc/nios2-elf/4.1.2/../../../../nios2-elf/lib/mno-hw-mul\libc.a(lib_a-atexit.o)
var                 0x4               obj/default/hello_world.o

Memory Configuration

Name             Origin             Length             Attributes
reset            0x00800000         0x00000020
sdram            0x00800020         0x007fffe0
*default*        0x00000000         0xffffffff

Linker script and memory map

LOAD ../montreNIOS_bsp//obj/HAL/src/crt0.o
LOAD obj/default/hello_world.o
LOAD c:/altera/13.0sp1/nios2eds/bin/gnu/h-i686-mingw32/bin/../lib/gcc/nios2-elf/4.1.2/../../../../nios2-elf/lib/mno-hw-mul\libstdc++.a
LOAD c:/altera/13.0sp1/nios2eds/bin/gnu/h-i686-mingw32/bin/../lib/gcc/nios2-elf/4.1.2/../../../../nios2-elf/lib/mno-hw-mul\libm.a
LOAD c:/altera/13.0sp1/nios2eds/bin/gnu/h-i686-mingw32/bin/../lib/gcc/nios2-elf/4.1.2/mno-hw-mul\libgcc.a
START GROUP
LOAD c:/altera/13.0sp1/nios2eds/bin/gnu/h-i686-mingw32/bin/../lib/gcc/nios2-elf/4.1.2/../../../../nios2-elf/lib/mno-hw-mul\libc.a
LOAD c:/altera/13.0sp1/nios2eds/bin/gnu/h-i686-mingw32/bin/../lib/gcc/nios2-elf/4.1.2/mno-hw-mul\libgcc.a
LOAD ../montreNIOS_bsp/\libhal_bsp.a
END GROUP
LOAD c:/altera/13.0sp1/nios2eds/bin/gnu/h-i686-mingw32/bin/../lib/gcc/nios2-elf/4.1.2/mno-hw-mul\libgcc.a
                0x00800000                __alt_mem_sdram = 0x800000

.entry          0x00800000       0x20
 *(.entry)
 .entry         0x00800000       0x20 ../montreNIOS_bsp//obj/HAL/src/crt0.o
                0x00800000                __reset

.exceptions     0x00800020      0x198
                0x00800020                PROVIDE (__ram_exceptions_start, ABSOLUTE (.))
                0x00800020                . = ALIGN (0x20)
 *(.irq)
 *(.exceptions.entry.label)
 .exceptions.entry.label
                0x00800020        0x0 ../montreNIOS_bsp/\libhal_bsp.a(alt_irq_entry.o)
                0x00800020                alt_irq_entry
 .exceptions.entry.label
                0x00800020        0x0 ../montreNIOS_bsp/\libhal_bsp.a(alt_exception_entry.o)
                0x00800020                alt_exception
 *(.exceptions.entry.user)
 *(.exceptions.entry)
 .exceptions.entry
                0x00800020       0x54 ../montreNIOS_bsp/\libhal_bsp.a(alt_exception_entry.o)
 *(.exceptions.irqtest.user)
 *(.exceptions.irqtest)
 .exceptions.irqtest
                0x00800074       0x10 ../montreNIOS_bsp/\libhal_bsp.a(alt_irq_entry.o)
 *(.exceptions.irqhandler.user)
 *(.exceptions.irqhandler)
 .exceptions.irqhandler
                0x00800084        0x4 ../montreNIOS_bsp/\libhal_bsp.a(alt_irq_entry.o)
 *(.exceptions.irqreturn.user)
 *(.exceptions.irqreturn)
 .exceptions.irqreturn
                0x00800088        0x4 ../montreNIOS_bsp/\libhal_bsp.a(alt_irq_entry.o)
 *(.exceptions.notirq.label)
 .exceptions.notirq.label
                0x0080008c        0x0 ../montreNIOS_bsp/\libhal_bsp.a(alt_irq_entry.o)
 *(.exceptions.notirq.user)
 *(.exceptions.notirq)
 .exceptions.notirq
                0x0080008c        0x8 ../montreNIOS_bsp/\libhal_bsp.a(alt_exception_entry.o)
 *(.exceptions.soft.user)
 *(.exceptions.soft)
 *(.exceptions.unknown.user)
 *(.exceptions.unknown)
 .exceptions.unknown
                0x00800094        0x4 ../montreNIOS_bsp/\libhal_bsp.a(alt_exception_entry.o)
 *(.exceptions.exit.label)
 .exceptions.exit.label
                0x00800098        0x0 ../montreNIOS_bsp/\libhal_bsp.a(alt_irq_entry.o)
 .exceptions.exit.label
                0x00800098        0x0 ../montreNIOS_bsp/\libhal_bsp.a(alt_exception_entry.o)
 *(.exceptions.exit.user)
 *(.exceptions.exit)
 .exceptions.exit
                0x00800098       0x54 ../montreNIOS_bsp/\libhal_bsp.a(alt_exception_entry.o)
 *(.exceptions)
 .exceptions    0x008000ec       0xcc ../montreNIOS_bsp/\libhal_bsp.a(alt_irq_handler.o)
                0x008000ec                alt_irq_handler
                0x008001b8                PROVIDE (__ram_exceptions_end, ABSOLUTE (.))
                0x00800020                PROVIDE (__flash_exceptions_start, LOADADDR (.exceptions))

.text           0x008001b8     0x2a84
                0x008001b8                PROVIDE (stext, ABSOLUTE (.))
 *(.interp)
 *(.hash)
 *(.dynsym)
 *(.dynstr)
 *(.gnu.version)
 *(.gnu.version_d)
 *(.gnu.version_r)
 *(.rel.init)
 *(.rela.init)
 *(.rel.text .rel.text.* .rel.gnu.linkonce.t.*)
 *(.rela.text .rela.text.* .rela.gnu.linkonce.t.*)
 *(.rel.fini)
 *(.rela.fini)
 *(.rel.rodata .rel.rodata.* .rel.gnu.linkonce.r.*)
 *(.rela.rodata .rela.rodata.* .rela.gnu.linkonce.r.*)
 *(.rel.data .rel.data.* .rel.gnu.linkonce.d.*)
 *(.rela.data .rela.data.* .rela.gnu.linkonce.d.*)
 *(.rel.tdata .rel.tdata.* .rel.gnu.linkonce.td.*)
 *(.rela.tdata .rela.tdata.* .rela.gnu.linkonce.td.*)
 *(.rel.tbss .rel.tbss.* .rel.gnu.linkonce.tb.*)
 *(.rela.tbss .rela.tbss.* .rela.gnu.linkonce.tb.*)
 *(.rel.ctors)
 *(.rela.ctors)
 *(.rel.dtors)
 *(.rela.dtors)
 *(.rel.got)
 *(.rela.got)
 *(.rel.sdata .rel.sdata.* .rel.gnu.linkonce.s.*)
 *(.rela.sdata .rela.sdata.* .rela.gnu.linkonce.s.*)
 *(.rel.sbss .rel.sbss.* .rel.gnu.linkonce.sb.*)
 *(.rela.sbss .rela.sbss.* .rela.gnu.linkonce.sb.*)
 *(.rel.sdata2 .rel.sdata2.* .rel.gnu.linkonce.s2.*)
 *(.rela.sdata2 .rela.sdata2.* .rela.gnu.linkonce.s2.*)
 *(.rel.sbss2 .rel.sbss2.* .rel.gnu.linkonce.sb2.*)
 *(.rela.sbss2 .rela.sbss2.* .rela.gnu.linkonce.sb2.*)
 *(.rel.bss .rel.bss.* .rel.gnu.linkonce.b.*)
 *(.rela.bss .rela.bss.* .rela.gnu.linkonce.b.*)
 *(.rel.plt)
 *(.rela.plt)
 *(.rel.dyn)
 *(.init)
 *(.plt)
 *(.text .stub .text.* .gnu.linkonce.t.*)
 .text          0x008001b8       0x3c ../montreNIOS_bsp//obj/HAL/src/crt0.o
                0x008001b8                _start
 .text          0x008001f4      0x76c obj/default/hello_world.o
                0x008001f4                Update_HEX_display
                0x0080029c                Increment_time_temps
                0x0080033c                Increment_time_chrono
                0x008003b0                init_timer
                0x00800400                handle_TIMER_interrupts
                0x00800468                separer_num_2_time
                0x00800524                affiche_hex_heur_min
                0x008005b4                affiche_hex_min_sec
                0x00800644                handle_KEY_interrupts
                0x008008cc                init_key
                0x0080091c                main
 .text          0x00800960       0x38 c:/altera/13.0sp1/nios2eds/bin/gnu/h-i686-mingw32/bin/../lib/gcc/nios2-elf/4.1.2/mno-hw-mul\libgcc.a(lib2-mul.o)
                0x00800960                __mulsi3
 .text          0x00800998      0x1c0 ../montreNIOS_bsp/\libhal_bsp.a(alt_irq_register.o)
                0x00800998                alt_irq_register
 .text          0x00800b58        0x0 ../montreNIOS_bsp/\libhal_bsp.a(alt_irq_vars.o)
 .text          0x00800b58       0xec ../montreNIOS_bsp/\libhal_bsp.a(alt_load.o)
                0x00800b58                alt_load
 .text          0x00800c44       0x6c ../montreNIOS_bsp/\libhal_bsp.a(alt_main.o)
                0x00800c44                alt_main
 .text          0x00800cb0       0xe0 ../montreNIOS_bsp/\libhal_bsp.a(alt_sys_init.o)
                0x00800cb0                alt_irq_init
                0x00800ce4                alt_sys_init
 .text          0x00800d90      0x148 ../montreNIOS_bsp/\libhal_bsp.a(altera_avalon_jtag_uart_fd.o)
                0x00800d90                altera_avalon_jtag_uart_read_fd
                0x00800de8                altera_avalon_jtag_uart_write_fd
                0x00800e40                altera_avalon_jtag_uart_close_fd
                0x00800e88                altera_avalon_jtag_uart_ioctl_fd
 .text          0x00800ed8      0x408 ../montreNIOS_bsp/\libhal_bsp.a(altera_avalon_jtag_uart_init.o)
                0x00800ed8                altera_avalon_jtag_uart_init
                0x0080126c                altera_avalon_jtag_uart_close
 .text          0x008012e0       0xf4 ../montreNIOS_bsp/\libhal_bsp.a(altera_avalon_jtag_uart_ioctl.o)
                0x008012e0                altera_avalon_jtag_uart_ioctl
 .text          0x008013d4      0x224 ../montreNIOS_bsp/\libhal_bsp.a(altera_avalon_jtag_uart_read.o)
                0x008013d4                altera_avalon_jtag_uart_read
 .text          0x008015f8      0x240 ../montreNIOS_bsp/\libhal_bsp.a(altera_avalon_jtag_uart_write.o)
                0x008015f8                altera_avalon_jtag_uart_write
 .text          0x00801838       0xfc ../montreNIOS_bsp/\libhal_bsp.a(altera_avalon_timer_sc.o)
                0x008018ac                alt_avalon_timer_sc_init
 .text          0x00801934      0x154 ../montreNIOS_bsp/\libhal_bsp.a(alt_alarm_start.o)
                0x00801934                alt_alarm_start
 .text          0x00801a88      0x160 ../montreNIOS_bsp/\libhal_bsp.a(alt_close.o)
                0x00801a88                close
 .text          0x00801be8       0x1c ../montreNIOS_bsp/\libhal_bsp.a(alt_dcache_flush_all.o)
                0x00801be8                alt_dcache_flush_all
 .text          0x00801c04       0x2c ../montreNIOS_bsp/\libhal_bsp.a(alt_dev.o)
 .text          0x00801c30      0x114 ../montreNIOS_bsp/\libhal_bsp.a(alt_dev_llist_insert.o)
                0x00801c30                alt_dev_llist_insert
 .text          0x00801d44       0x64 ../montreNIOS_bsp/\libhal_bsp.a(alt_do_ctors.o)
                0x00801d44                _do_ctors
 .text          0x00801da8       0x64 ../montreNIOS_bsp/\libhal_bsp.a(alt_do_dtors.o)
                0x00801da8                _do_dtors
 .text          0x00801e0c        0x0 ../montreNIOS_bsp/\libhal_bsp.a(alt_errno.o)
 .text          0x00801e0c       0x1c ../montreNIOS_bsp/\libhal_bsp.a(alt_icache_flush_all.o)
                0x00801e0c                alt_icache_flush_all
 .text          0x00801e28      0x150 ../montreNIOS_bsp/\libhal_bsp.a(alt_io_redirect.o)
                0x00801f00                alt_io_redirect
 .text          0x00801f78        0x0 ../montreNIOS_bsp/\libhal_bsp.a(alt_irq_entry.o)
 .text          0x00801f78        0x0 ../montreNIOS_bsp/\libhal_bsp.a(alt_irq_handler.o)
 .text          0x00801f78      0x2e4 ../montreNIOS_bsp/\libhal_bsp.a(alt_open.o)
                0x00802070                open
 .text          0x0080225c       0x78 ../montreNIOS_bsp/\libhal_bsp.a(alt_release_fd.o)
                0x0080225c                alt_release_fd
 .text          0x008022d4      0x1a4 ../montreNIOS_bsp/\libhal_bsp.a(alt_tick.o)
                0x008022d4                alt_alarm_stop
                0x0080236c                alt_tick
 .text          0x00802478       0x20 ../montreNIOS_bsp/\libhal_bsp.a(altera_nios2_qsys_irq.o)
                0x00802478                altera_nios2_qsys_irq_init
 .text          0x00802498        0x0 ../montreNIOS_bsp/\libhal_bsp.a(alt_exception_entry.o)
 .text          0x00802498       0x94 ../montreNIOS_bsp/\libhal_bsp.a(alt_find_dev.o)
                0x00802498                alt_find_dev
 .text          0x0080252c      0x120 ../montreNIOS_bsp/\libhal_bsp.a(alt_find_file.o)
                0x0080252c                alt_find_file
 .text          0x0080264c       0xd0 ../montreNIOS_bsp/\libhal_bsp.a(alt_get_fd.o)
                0x0080264c                alt_get_fd
 .text          0x0080271c       0x14 c:/altera/13.0sp1/nios2eds/bin/gnu/h-i686-mingw32/bin/../lib/gcc/nios2-elf/4.1.2/../../../../nios2-elf/lib/mno-hw-mul\libc.a(lib_a-atexit.o)
                0x0080271c                atexit
 .text          0x00802730       0x38 c:/altera/13.0sp1/nios2eds/bin/gnu/h-i686-mingw32/bin/../lib/gcc/nios2-elf/4.1.2/../../../../nios2-elf/lib/mno-hw-mul\libc.a(lib_a-exit.o)
                0x00802730                exit
 .text          0x00802768        0x0 c:/altera/13.0sp1/nios2eds/bin/gnu/h-i686-mingw32/bin/../lib/gcc/nios2-elf/4.1.2/../../../../nios2-elf/lib/mno-hw-mul\libc.a(lib_a-impure.o)
 .text          0x00802768        0x0 c:/altera/13.0sp1/nios2eds/bin/gnu/h-i686-mingw32/bin/../lib/gcc/nios2-elf/4.1.2/../../../../nios2-elf/lib/mno-hw-mul\libc.a(lib_a-int_errno.o)
 .text          0x00802768       0x74 c:/altera/13.0sp1/nios2eds/bin/gnu/h-i686-mingw32/bin/../lib/gcc/nios2-elf/4.1.2/../../../../nios2-elf/lib/mno-hw-mul\libc.a(lib_a-memcmp.o)
                0x00802768                memcmp
 .text          0x008027dc       0xa0 c:/altera/13.0sp1/nios2eds/bin/gnu/h-i686-mingw32/bin/../lib/gcc/nios2-elf/4.1.2/../../../../nios2-elf/lib/mno-hw-mul\libc.a(lib_a-memcpy.o)
                0x008027dc                memcpy
 .text          0x0080287c       0x74 c:/altera/13.0sp1/nios2eds/bin/gnu/h-i686-mingw32/bin/../lib/gcc/nios2-elf/4.1.2/../../../../nios2-elf/lib/mno-hw-mul\libc.a(lib_a-strlen.o)
                0x0080287c                strlen
 .text          0x008028f0      0x134 c:/altera/13.0sp1/nios2eds/bin/gnu/h-i686-mingw32/bin/../lib/gcc/nios2-elf/4.1.2/../../../../nios2-elf/lib/mno-hw-mul\libc.a(lib_a-__atexit.o)
                0x008028f0                __register_exitproc
 .text          0x00802a24      0x1b4 c:/altera/13.0sp1/nios2eds/bin/gnu/h-i686-mingw32/bin/../lib/gcc/nios2-elf/4.1.2/../../../../nios2-elf/lib/mno-hw-mul\libc.a(lib_a-__call_atexit.o)
                0x00802a28                __call_exitprocs
 .text          0x00802bd8       0x60 ../montreNIOS_bsp/\libhal_bsp.a(alt_exit.o)
                0x00802c18                _exit
 *(.gnu.warning.*)
 *(.fini)
                0x00802c38                PROVIDE (__etext, ABSOLUTE (.))
                0x00802c38                PROVIDE (_etext, ABSOLUTE (.))
                0x00802c38                PROVIDE (etext, ABSOLUTE (.))
 *(.eh_frame_hdr)
                0x00802c38                . = ALIGN (0x4)
                0x00802c38                PROVIDE (__preinit_array_start, ABSOLUTE (.))
 *(.preinit_array)
                0x00802c38                PROVIDE (__preinit_array_end, ABSOLUTE (.))
                0x00802c38                PROVIDE (__init_array_start, ABSOLUTE (.))
 *(.init_array)
                0x00802c38                PROVIDE (__init_array_end, ABSOLUTE (.))
                0x00802c38                PROVIDE (__fini_array_start, ABSOLUTE (.))
 *(.fini_array)
                0x00802c38                PROVIDE (__fini_array_end, ABSOLUTE (.))
 *(.eh_frame)
 *(.gcc_except_table)
 *(.dynamic)
                0x00802c38                PROVIDE (__CTOR_LIST__, ABSOLUTE (.))
 *(.ctors)
 *(SORT(.ctors.*))
 .ctors.65535   0x00802c38        0x4 c:/altera/13.0sp1/nios2eds/bin/gnu/h-i686-mingw32/bin/../lib/gcc/nios2-elf/4.1.2/../../../../nios2-elf/lib/mno-hw-mul\libc.a(lib_a-__call_atexit.o)
                0x00802c3c                PROVIDE (__CTOR_END__, ABSOLUTE (.))
                0x00802c3c                PROVIDE (__DTOR_LIST__, ABSOLUTE (.))
 *(.dtors)
 *(SORT(.dtors.*))
                0x00802c3c                PROVIDE (__DTOR_END__, ABSOLUTE (.))
 *(.jcr)
                0x00802c3c                . = ALIGN (0x4)

.rodata         0x00802c3c       0x54
                0x00802c3c                PROVIDE (__ram_rodata_start, ABSOLUTE (.))
                0x00802c3c                . = ALIGN (0x4)
 *(.rodata .rodata.* .gnu.linkonce.r.*)
 .rodata        0x00802c3c       0x14 ../montreNIOS_bsp/\libhal_bsp.a(alt_main.o)
 .rodata        0x00802c50       0x30 ../montreNIOS_bsp/\libhal_bsp.a(alt_sys_init.o)
 .rodata        0x00802c80        0xc ../montreNIOS_bsp/\libhal_bsp.a(alt_dev.o)
 .rodata.str1.4
                0x00802c8c        0x4 c:/altera/13.0sp1/nios2eds/bin/gnu/h-i686-mingw32/bin/../lib/gcc/nios2-elf/4.1.2/../../../../nios2-elf/lib/mno-hw-mul\libc.a(lib_a-impure.o)
 *(.rodata1)
                0x00802c90                . = ALIGN (0x4)
                0x00802c90                PROVIDE (__ram_rodata_end, ABSOLUTE (.))
                0x00802c3c                PROVIDE (__flash_rodata_start, LOADADDR (.rodata))

.rwdata         0x00802c90     0x16b0 load address 0x00804340
                0x00802c90                PROVIDE (__ram_rwdata_start, ABSOLUTE (.))
                0x00802c90                . = ALIGN (0x4)
 *(.got.plt)
 *(.got)
 *(.data1)
 *(.data .data.* .gnu.linkonce.d.*)
 .data          0x00802c90        0x0 ../montreNIOS_bsp//obj/HAL/src/crt0.o
 .data          0x00802c90       0x10 obj/default/hello_world.o
                0x00802c90                seven_seg_decode_table
 .data          0x00802ca0        0x0 c:/altera/13.0sp1/nios2eds/bin/gnu/h-i686-mingw32/bin/../lib/gcc/nios2-elf/4.1.2/mno-hw-mul\libgcc.a(lib2-mul.o)
 .data          0x00802ca0        0x0 ../montreNIOS_bsp/\libhal_bsp.a(alt_irq_register.o)
 .data          0x00802ca0        0x0 ../montreNIOS_bsp/\libhal_bsp.a(alt_irq_vars.o)
 .data          0x00802ca0        0x0 ../montreNIOS_bsp/\libhal_bsp.a(alt_load.o)
 .data          0x00802ca0        0x0 ../montreNIOS_bsp/\libhal_bsp.a(alt_main.o)
 .data          0x00802ca0     0x10b8 ../montreNIOS_bsp/\libhal_bsp.a(alt_sys_init.o)
 .data          0x00803d58        0x0 ../montreNIOS_bsp/\libhal_bsp.a(altera_avalon_jtag_uart_fd.o)
 .data          0x00803d58        0x0 ../montreNIOS_bsp/\libhal_bsp.a(altera_avalon_jtag_uart_init.o)
 .data          0x00803d58        0x0 ../montreNIOS_bsp/\libhal_bsp.a(altera_avalon_jtag_uart_ioctl.o)
 .data          0x00803d58        0x0 ../montreNIOS_bsp/\libhal_bsp.a(altera_avalon_jtag_uart_read.o)
 .data          0x00803d58        0x0 ../montreNIOS_bsp/\libhal_bsp.a(altera_avalon_jtag_uart_write.o)
 .data          0x00803d58        0x0 ../montreNIOS_bsp/\libhal_bsp.a(altera_avalon_timer_sc.o)
 .data          0x00803d58        0x0 ../montreNIOS_bsp/\libhal_bsp.a(alt_alarm_start.o)
 .data          0x00803d58        0x0 ../montreNIOS_bsp/\libhal_bsp.a(alt_close.o)
 .data          0x00803d58        0x0 ../montreNIOS_bsp/\libhal_bsp.a(alt_dcache_flush_all.o)
 .data          0x00803d58      0x1a8 ../montreNIOS_bsp/\libhal_bsp.a(alt_dev.o)
                0x00803d58                alt_dev_null
                0x00803d80                alt_fd_list
 .data          0x00803f00        0x0 ../montreNIOS_bsp/\libhal_bsp.a(alt_dev_llist_insert.o)
 .data          0x00803f00        0x0 ../montreNIOS_bsp/\libhal_bsp.a(alt_do_ctors.o)
 .data          0x00803f00        0x0 ../montreNIOS_bsp/\libhal_bsp.a(alt_do_dtors.o)
 .data          0x00803f00        0x0 ../montreNIOS_bsp/\libhal_bsp.a(alt_errno.o)
 .data          0x00803f00        0x0 ../montreNIOS_bsp/\libhal_bsp.a(alt_icache_flush_all.o)
 .data          0x00803f00        0x0 ../montreNIOS_bsp/\libhal_bsp.a(alt_io_redirect.o)
 .data          0x00803f00        0x0 ../montreNIOS_bsp/\libhal_bsp.a(alt_irq_entry.o)
 .data          0x00803f00        0x0 ../montreNIOS_bsp/\libhal_bsp.a(alt_irq_handler.o)
 .data          0x00803f00        0x0 ../montreNIOS_bsp/\libhal_bsp.a(alt_open.o)
 .data          0x00803f00        0x0 ../montreNIOS_bsp/\libhal_bsp.a(alt_release_fd.o)
 .data          0x00803f00        0x0 ../montreNIOS_bsp/\libhal_bsp.a(alt_tick.o)
 .data          0x00803f00        0x0 ../montreNIOS_bsp/\libhal_bsp.a(altera_nios2_qsys_irq.o)
 .data          0x00803f00        0x0 ../montreNIOS_bsp/\libhal_bsp.a(alt_exception_entry.o)
 .data          0x00803f00        0x0 ../montreNIOS_bsp/\libhal_bsp.a(alt_find_dev.o)
 .data          0x00803f00        0x0 ../montreNIOS_bsp/\libhal_bsp.a(alt_find_file.o)
 .data          0x00803f00        0x0 ../montreNIOS_bsp/\libhal_bsp.a(alt_get_fd.o)
 .data          0x00803f00        0x0 c:/altera/13.0sp1/nios2eds/bin/gnu/h-i686-mingw32/bin/../lib/gcc/nios2-elf/4.1.2/../../../../nios2-elf/lib/mno-hw-mul\libc.a(lib_a-atexit.o)
 .data          0x00803f00        0x0 c:/altera/13.0sp1/nios2eds/bin/gnu/h-i686-mingw32/bin/../lib/gcc/nios2-elf/4.1.2/../../../../nios2-elf/lib/mno-hw-mul\libc.a(lib_a-exit.o)
 .data          0x00803f00      0x400 c:/altera/13.0sp1/nios2eds/bin/gnu/h-i686-mingw32/bin/../lib/gcc/nios2-elf/4.1.2/../../../../nios2-elf/lib/mno-hw-mul\libc.a(lib_a-impure.o)
 .data          0x00804300        0x0 c:/altera/13.0sp1/nios2eds/bin/gnu/h-i686-mingw32/bin/../lib/gcc/nios2-elf/4.1.2/../../../../nios2-elf/lib/mno-hw-mul\libc.a(lib_a-int_errno.o)
 .data          0x00804300        0x0 c:/altera/13.0sp1/nios2eds/bin/gnu/h-i686-mingw32/bin/../lib/gcc/nios2-elf/4.1.2/../../../../nios2-elf/lib/mno-hw-mul\libc.a(lib_a-memcmp.o)
 .data          0x00804300        0x0 c:/altera/13.0sp1/nios2eds/bin/gnu/h-i686-mingw32/bin/../lib/gcc/nios2-elf/4.1.2/../../../../nios2-elf/lib/mno-hw-mul\libc.a(lib_a-memcpy.o)
 .data          0x00804300        0x0 c:/altera/13.0sp1/nios2eds/bin/gnu/h-i686-mingw32/bin/../lib/gcc/nios2-elf/4.1.2/../../../../nios2-elf/lib/mno-hw-mul\libc.a(lib_a-strlen.o)
 .data          0x00804300        0x0 c:/altera/13.0sp1/nios2eds/bin/gnu/h-i686-mingw32/bin/../lib/gcc/nios2-elf/4.1.2/../../../../nios2-elf/lib/mno-hw-mul\libc.a(lib_a-__atexit.o)
 .data          0x00804300        0x0 c:/altera/13.0sp1/nios2eds/bin/gnu/h-i686-mingw32/bin/../lib/gcc/nios2-elf/4.1.2/../../../../nios2-elf/lib/mno-hw-mul\libc.a(lib_a-__call_atexit.o)
 .data          0x00804300        0x0 ../montreNIOS_bsp/\libhal_bsp.a(alt_exit.o)
                0x0080c300                _gp = ABSOLUTE ((. + 0x8000))
                0x0080c300                PROVIDE (gp, _gp)
 *(.rwdata .rwdata.*)
 *(.sdata .sdata.* .gnu.linkonce.s.*)
 .sdata         0x00804300       0x14 obj/default/hello_world.o
                0x00804300                BOTTONS_ptr
                0x00804304                Timer_POINTER
                0x00804308                affiche_Mode
                0x0080430c                Change_Minute
                0x00804310                KEY_POINTER
 .sdata         0x00804314        0x4 ../montreNIOS_bsp/\libhal_bsp.a(alt_irq_vars.o)
                0x00804314                alt_priority_mask
 .sdata         0x00804318       0x14 ../montreNIOS_bsp/\libhal_bsp.a(alt_dev.o)
                0x00804318                alt_fs_list
                0x00804320                alt_dev_list
                0x00804328                alt_max_fd
 .sdata         0x0080432c        0x4 ../montreNIOS_bsp/\libhal_bsp.a(alt_errno.o)
                0x0080432c                alt_errno
 .sdata         0x00804330        0x8 ../montreNIOS_bsp/\libhal_bsp.a(alt_tick.o)
                0x00804330                alt_alarm_list
 .sdata         0x00804338        0x8 c:/altera/13.0sp1/nios2eds/bin/gnu/h-i686-mingw32/bin/../lib/gcc/nios2-elf/4.1.2/../../../../nios2-elf/lib/mno-hw-mul\libc.a(lib_a-impure.o)
                0x00804338                _impure_ptr
                0x0080433c                _global_impure_ptr
 *(.sdata2 .sdata2.* .gnu.linkonce.s2.*)
                0x00804340                . = ALIGN (0x4)
                0x00804340                _edata = ABSOLUTE (.)
                0x00804340                PROVIDE (edata, ABSOLUTE (.))
                0x00804340                PROVIDE (__ram_rwdata_end, ABSOLUTE (.))
                0x00804340                PROVIDE (__flash_rwdata_start, LOADADDR (.rwdata))

.bss            0x008059f0      0x2d4
                0x008059f0                __bss_start = ABSOLUTE (.)
                0x008059f0                PROVIDE (__sbss_start, ABSOLUTE (.))
                0x008059f0                PROVIDE (___sbss_start, ABSOLUTE (.))
 *(.dynsbss)
 *(.sbss .sbss.* .gnu.linkonce.sb.*)
 .sbss          0x008059f0       0x14 obj/default/hello_world.o
                0x008059f0                hex_segments
                0x008059f4                seconds
                0x008059f6                minutes
                0x008059f8                heurs
                0x008059fc                chrono_etat
                0x00805a00                change_temps
 .sbss          0x00805a04       0x14 obj/default/hello_world.o
                0x00805a04                chrono_seconds
                0x00805a06                chrono_minute
                0x00805a08                edge_capture
                0x00805a0c                temps_seconds
                0x00805a0e                temps_minute
                0x00805a10                temps_heurs
                0x00805a14                var
 .sbss          0x00805a18        0x4 ../montreNIOS_bsp/\libhal_bsp.a(alt_irq_vars.o)
                0x00805a18                alt_irq_active
 .sbss          0x00805a1c        0xc ../montreNIOS_bsp/\libhal_bsp.a(alt_main.o)
                0x00805a1c                alt_argc
                0x00805a20                alt_argv
                0x00805a24                alt_envp
 .sbss          0x00805a28        0x8 ../montreNIOS_bsp/\libhal_bsp.a(alt_tick.o)
                0x00805a28                _alt_tick_rate
                0x00805a2c                _alt_nticks
 .sbss          0x00805a30        0x4 c:/altera/13.0sp1/nios2eds/bin/gnu/h-i686-mingw32/bin/../lib/gcc/nios2-elf/4.1.2/../../../../nios2-elf/lib/mno-hw-mul\libc.a(lib_a-int_errno.o)
                0x00805a30                errno
 *(.sbss2 .sbss2.* .gnu.linkonce.sb2.*)
 *(.scommon)
                0x00805a34                PROVIDE (__sbss_end, ABSOLUTE (.))
                0x00805a34                PROVIDE (___sbss_end, ABSOLUTE (.))
 *(.dynbss)
 *(.bss .bss.* .gnu.linkonce.b.*)
 .bss           0x00805a34        0x0 ../montreNIOS_bsp//obj/HAL/src/crt0.o
 .bss           0x00805a34        0x0 obj/default/hello_world.o
 .bss           0x00805a34        0x0 c:/altera/13.0sp1/nios2eds/bin/gnu/h-i686-mingw32/bin/../lib/gcc/nios2-elf/4.1.2/mno-hw-mul\libgcc.a(lib2-mul.o)
 .bss           0x00805a34        0x0 ../montreNIOS_bsp/\libhal_bsp.a(alt_irq_register.o)
 .bss           0x00805a34        0x0 ../montreNIOS_bsp/\libhal_bsp.a(alt_irq_vars.o)
 .bss           0x00805a34        0x0 ../montreNIOS_bsp/\libhal_bsp.a(alt_load.o)
 .bss           0x00805a34        0x0 ../montreNIOS_bsp/\libhal_bsp.a(alt_main.o)
 .bss           0x00805a34        0x0 ../montreNIOS_bsp/\libhal_bsp.a(alt_sys_init.o)
 .bss           0x00805a34        0x0 ../montreNIOS_bsp/\libhal_bsp.a(altera_avalon_jtag_uart_fd.o)
 .bss           0x00805a34        0x0 ../montreNIOS_bsp/\libhal_bsp.a(altera_avalon_jtag_uart_init.o)
 .bss           0x00805a34        0x0 ../montreNIOS_bsp/\libhal_bsp.a(altera_avalon_jtag_uart_ioctl.o)
 .bss           0x00805a34        0x0 ../montreNIOS_bsp/\libhal_bsp.a(altera_avalon_jtag_uart_read.o)
 .bss           0x00805a34        0x0 ../montreNIOS_bsp/\libhal_bsp.a(altera_avalon_jtag_uart_write.o)
 .bss           0x00805a34        0x0 ../montreNIOS_bsp/\libhal_bsp.a(altera_avalon_timer_sc.o)
 .bss           0x00805a34        0x0 ../montreNIOS_bsp/\libhal_bsp.a(alt_alarm_start.o)
 .bss           0x00805a34        0x0 ../montreNIOS_bsp/\libhal_bsp.a(alt_close.o)
 .bss           0x00805a34        0x0 ../montreNIOS_bsp/\libhal_bsp.a(alt_dcache_flush_all.o)
 .bss           0x00805a34        0x0 ../montreNIOS_bsp/\libhal_bsp.a(alt_dev.o)
 .bss           0x00805a34        0x0 ../montreNIOS_bsp/\libhal_bsp.a(alt_dev_llist_insert.o)
 .bss           0x00805a34        0x0 ../montreNIOS_bsp/\libhal_bsp.a(alt_do_ctors.o)
 .bss           0x00805a34        0x0 ../montreNIOS_bsp/\libhal_bsp.a(alt_do_dtors.o)
 .bss           0x00805a34        0x0 ../montreNIOS_bsp/\libhal_bsp.a(alt_errno.o)
 .bss           0x00805a34        0x0 ../montreNIOS_bsp/\libhal_bsp.a(alt_icache_flush_all.o)
 .bss           0x00805a34        0x0 ../montreNIOS_bsp/\libhal_bsp.a(alt_io_redirect.o)
 .bss           0x00805a34        0x0 ../montreNIOS_bsp/\libhal_bsp.a(alt_irq_entry.o)
 .bss           0x00805a34        0x0 ../montreNIOS_bsp/\libhal_bsp.a(alt_irq_handler.o)
 .bss           0x00805a34        0x0 ../montreNIOS_bsp/\libhal_bsp.a(alt_open.o)
 .bss           0x00805a34        0x0 ../montreNIOS_bsp/\libhal_bsp.a(alt_release_fd.o)
 .bss           0x00805a34        0x0 ../montreNIOS_bsp/\libhal_bsp.a(alt_tick.o)
 .bss           0x00805a34        0x0 ../montreNIOS_bsp/\libhal_bsp.a(altera_nios2_qsys_irq.o)
 .bss           0x00805a34        0x0 ../montreNIOS_bsp/\libhal_bsp.a(alt_exception_entry.o)
 .bss           0x00805a34        0x0 ../montreNIOS_bsp/\libhal_bsp.a(alt_find_dev.o)
 .bss           0x00805a34        0x0 ../montreNIOS_bsp/\libhal_bsp.a(alt_find_file.o)
 .bss           0x00805a34        0x0 ../montreNIOS_bsp/\libhal_bsp.a(alt_get_fd.o)
 .bss           0x00805a34        0x0 c:/altera/13.0sp1/nios2eds/bin/gnu/h-i686-mingw32/bin/../lib/gcc/nios2-elf/4.1.2/../../../../nios2-elf/lib/mno-hw-mul\libc.a(lib_a-atexit.o)
 .bss           0x00805a34        0x0 c:/altera/13.0sp1/nios2eds/bin/gnu/h-i686-mingw32/bin/../lib/gcc/nios2-elf/4.1.2/../../../../nios2-elf/lib/mno-hw-mul\libc.a(lib_a-exit.o)
 .bss           0x00805a34        0x0 c:/altera/13.0sp1/nios2eds/bin/gnu/h-i686-mingw32/bin/../lib/gcc/nios2-elf/4.1.2/../../../../nios2-elf/lib/mno-hw-mul\libc.a(lib_a-impure.o)
 .bss           0x00805a34        0x0 c:/altera/13.0sp1/nios2eds/bin/gnu/h-i686-mingw32/bin/../lib/gcc/nios2-elf/4.1.2/../../../../nios2-elf/lib/mno-hw-mul\libc.a(lib_a-int_errno.o)
 .bss           0x00805a34        0x0 c:/altera/13.0sp1/nios2eds/bin/gnu/h-i686-mingw32/bin/../lib/gcc/nios2-elf/4.1.2/../../../../nios2-elf/lib/mno-hw-mul\libc.a(lib_a-memcmp.o)
 .bss           0x00805a34        0x0 c:/altera/13.0sp1/nios2eds/bin/gnu/h-i686-mingw32/bin/../lib/gcc/nios2-elf/4.1.2/../../../../nios2-elf/lib/mno-hw-mul\libc.a(lib_a-memcpy.o)
 .bss           0x00805a34        0x0 c:/altera/13.0sp1/nios2eds/bin/gnu/h-i686-mingw32/bin/../lib/gcc/nios2-elf/4.1.2/../../../../nios2-elf/lib/mno-hw-mul\libc.a(lib_a-strlen.o)
 .bss           0x00805a34        0x0 c:/altera/13.0sp1/nios2eds/bin/gnu/h-i686-mingw32/bin/../lib/gcc/nios2-elf/4.1.2/../../../../nios2-elf/lib/mno-hw-mul\libc.a(lib_a-__atexit.o)
 .bss           0x00805a34        0x0 c:/altera/13.0sp1/nios2eds/bin/gnu/h-i686-mingw32/bin/../lib/gcc/nios2-elf/4.1.2/../../../../nios2-elf/lib/mno-hw-mul\libc.a(lib_a-__call_atexit.o)
 .bss           0x00805a34        0x0 ../montreNIOS_bsp/\libhal_bsp.a(alt_exit.o)
 *(COMMON)
 COMMON         0x00805a34      0x100 ../montreNIOS_bsp/\libhal_bsp.a(alt_irq_handler.o)
                0x00805a34                alt_irq
 COMMON         0x00805b34      0x190 c:/altera/13.0sp1/nios2eds/bin/gnu/h-i686-mingw32/bin/../lib/gcc/nios2-elf/4.1.2/../../../../nios2-elf/lib/mno-hw-mul\libc.a(lib_a-atexit.o)
                0x00805b34                _atexit0
                0x00805cc4                . = ALIGN (0x4)
                0x00805cc4                __bss_end = ABSOLUTE (.)

.sdram          0x00805cc4        0x0
                0x00805cc4                PROVIDE (_alt_partition_sdram_start, ABSOLUTE (.))
 *(.sdram. sdram.*)
                0x00805cc4                . = ALIGN (0x4)
                0x00805cc4                PROVIDE (_alt_partition_sdram_end, ABSOLUTE (.))
                0x00805cc4                _end = ABSOLUTE (.)
                0x00805cc4                end = ABSOLUTE (.)
                0x00805cc4                __alt_stack_base = ABSOLUTE (.)
                0x00805cc4                PROVIDE (_alt_partition_sdram_load_addr, LOADADDR (.sdram))

.stab
 *(.stab)

.stabstr
 *(.stabstr)

.stab.excl
 *(.stab.excl)

.stab.exclstr
 *(.stab.exclstr)

.stab.index
 *(.stab.index)

.stab.indexstr
 *(.stab.indexstr)

.comment        0x00000000       0x26
 *(.comment)
 .comment       0x00000000       0x26 obj/default/hello_world.o
                                 0x27 (size before relaxing)
 .comment       0x00000000       0x27 c:/altera/13.0sp1/nios2eds/bin/gnu/h-i686-mingw32/bin/../lib/gcc/nios2-elf/4.1.2/mno-hw-mul\libgcc.a(lib2-mul.o)
 .comment       0x00000000       0x27 ../montreNIOS_bsp/\libhal_bsp.a(alt_irq_register.o)
 .comment       0x00000000       0x27 ../montreNIOS_bsp/\libhal_bsp.a(alt_irq_vars.o)
 .comment       0x00000000       0x27 ../montreNIOS_bsp/\libhal_bsp.a(alt_load.o)
 .comment       0x00000000       0x27 ../montreNIOS_bsp/\libhal_bsp.a(alt_main.o)
 .comment       0x00000000       0x27 ../montreNIOS_bsp/\libhal_bsp.a(alt_sys_init.o)
 .comment       0x00000000       0x27 ../montreNIOS_bsp/\libhal_bsp.a(altera_avalon_jtag_uart_fd.o)
 .comment       0x00000000       0x27 ../montreNIOS_bsp/\libhal_bsp.a(altera_avalon_jtag_uart_init.o)
 .comment       0x00000000       0x27 ../montreNIOS_bsp/\libhal_bsp.a(altera_avalon_jtag_uart_ioctl.o)
 .comment       0x00000000       0x27 ../montreNIOS_bsp/\libhal_bsp.a(altera_avalon_jtag_uart_read.o)
 .comment       0x00000000       0x27 ../montreNIOS_bsp/\libhal_bsp.a(altera_avalon_jtag_uart_write.o)
 .comment       0x00000000       0x27 ../montreNIOS_bsp/\libhal_bsp.a(altera_avalon_timer_sc.o)
 .comment       0x00000000       0x27 ../montreNIOS_bsp/\libhal_bsp.a(alt_alarm_start.o)
 .comment       0x00000000       0x27 ../montreNIOS_bsp/\libhal_bsp.a(alt_close.o)
 .comment       0x00000000       0x27 ../montreNIOS_bsp/\libhal_bsp.a(alt_dcache_flush_all.o)
 .comment       0x00000000       0x27 ../montreNIOS_bsp/\libhal_bsp.a(alt_dev.o)
 .comment       0x00000000       0x27 ../montreNIOS_bsp/\libhal_bsp.a(alt_dev_llist_insert.o)
 .comment       0x00000000       0x27 ../montreNIOS_bsp/\libhal_bsp.a(alt_do_ctors.o)
 .comment       0x00000000       0x27 ../montreNIOS_bsp/\libhal_bsp.a(alt_do_dtors.o)
 .comment       0x00000000       0x27 ../montreNIOS_bsp/\libhal_bsp.a(alt_errno.o)
 .comment       0x00000000       0x27 ../montreNIOS_bsp/\libhal_bsp.a(alt_icache_flush_all.o)
 .comment       0x00000000       0x27 ../montreNIOS_bsp/\libhal_bsp.a(alt_io_redirect.o)
 .comment       0x00000000       0x27 ../montreNIOS_bsp/\libhal_bsp.a(alt_irq_handler.o)
 .comment       0x00000000       0x27 ../montreNIOS_bsp/\libhal_bsp.a(alt_open.o)
 .comment       0x00000000       0x27 ../montreNIOS_bsp/\libhal_bsp.a(alt_release_fd.o)
 .comment       0x00000000       0x27 ../montreNIOS_bsp/\libhal_bsp.a(alt_tick.o)
 .comment       0x00000000       0x27 ../montreNIOS_bsp/\libhal_bsp.a(altera_nios2_qsys_irq.o)
 .comment       0x00000000       0x27 ../montreNIOS_bsp/\libhal_bsp.a(alt_find_dev.o)
 .comment       0x00000000       0x27 ../montreNIOS_bsp/\libhal_bsp.a(alt_find_file.o)
 .comment       0x00000000       0x27 ../montreNIOS_bsp/\libhal_bsp.a(alt_get_fd.o)
 .comment       0x00000000       0x27 c:/altera/13.0sp1/nios2eds/bin/gnu/h-i686-mingw32/bin/../lib/gcc/nios2-elf/4.1.2/../../../../nios2-elf/lib/mno-hw-mul\libc.a(lib_a-atexit.o)
 .comment       0x00000000       0x27 c:/altera/13.0sp1/nios2eds/bin/gnu/h-i686-mingw32/bin/../lib/gcc/nios2-elf/4.1.2/../../../../nios2-elf/lib/mno-hw-mul\libc.a(lib_a-exit.o)
 .comment       0x00000000       0x27 c:/altera/13.0sp1/nios2eds/bin/gnu/h-i686-mingw32/bin/../lib/gcc/nios2-elf/4.1.2/../../../../nios2-elf/lib/mno-hw-mul\libc.a(lib_a-impure.o)
 .comment       0x00000000       0x27 c:/altera/13.0sp1/nios2eds/bin/gnu/h-i686-mingw32/bin/../lib/gcc/nios2-elf/4.1.2/../../../../nios2-elf/lib/mno-hw-mul\libc.a(lib_a-int_errno.o)
 .comment       0x00000000       0x27 c:/altera/13.0sp1/nios2eds/bin/gnu/h-i686-mingw32/bin/../lib/gcc/nios2-elf/4.1.2/../../../../nios2-elf/lib/mno-hw-mul\libc.a(lib_a-memcmp.o)
 .comment       0x00000000       0x27 c:/altera/13.0sp1/nios2eds/bin/gnu/h-i686-mingw32/bin/../lib/gcc/nios2-elf/4.1.2/../../../../nios2-elf/lib/mno-hw-mul\libc.a(lib_a-memcpy.o)
 .comment       0x00000000       0x27 c:/altera/13.0sp1/nios2eds/bin/gnu/h-i686-mingw32/bin/../lib/gcc/nios2-elf/4.1.2/../../../../nios2-elf/lib/mno-hw-mul\libc.a(lib_a-strlen.o)
 .comment       0x00000000       0x27 c:/altera/13.0sp1/nios2eds/bin/gnu/h-i686-mingw32/bin/../lib/gcc/nios2-elf/4.1.2/../../../../nios2-elf/lib/mno-hw-mul\libc.a(lib_a-__atexit.o)
 .comment       0x00000000       0x27 c:/altera/13.0sp1/nios2eds/bin/gnu/h-i686-mingw32/bin/../lib/gcc/nios2-elf/4.1.2/../../../../nios2-elf/lib/mno-hw-mul\libc.a(lib_a-__call_atexit.o)
 .comment       0x00000000       0x27 ../montreNIOS_bsp/\libhal_bsp.a(alt_exit.o)

.debug
 *(.debug)

.line
 *(.line)

.debug_srcinfo
 *(.debug_srcinfo)

.debug_sfnames
 *(.debug_sfnames)

.debug_aranges  0x00000000      0x538
 *(.debug_aranges)
 .debug_aranges
                0x00000000       0x28 ../montreNIOS_bsp//obj/HAL/src/crt0.o
 .debug_aranges
                0x00000028       0x20 obj/default/hello_world.o
 .debug_aranges
                0x00000048       0x20 c:/altera/13.0sp1/nios2eds/bin/gnu/h-i686-mingw32/bin/../lib/gcc/nios2-elf/4.1.2/mno-hw-mul\libgcc.a(lib2-mul.o)
 .debug_aranges
                0x00000068       0x20 ../montreNIOS_bsp/\libhal_bsp.a(alt_irq_register.o)
 .debug_aranges
                0x00000088       0x20 ../montreNIOS_bsp/\libhal_bsp.a(alt_load.o)
 .debug_aranges
                0x000000a8       0x20 ../montreNIOS_bsp/\libhal_bsp.a(alt_main.o)
 .debug_aranges
                0x000000c8       0x20 ../montreNIOS_bsp/\libhal_bsp.a(alt_sys_init.o)
 .debug_aranges
                0x000000e8       0x20 ../montreNIOS_bsp/\libhal_bsp.a(altera_avalon_jtag_uart_fd.o)
 .debug_aranges
                0x00000108       0x20 ../montreNIOS_bsp/\libhal_bsp.a(altera_avalon_jtag_uart_init.o)
 .debug_aranges
                0x00000128       0x20 ../montreNIOS_bsp/\libhal_bsp.a(altera_avalon_jtag_uart_ioctl.o)
 .debug_aranges
                0x00000148       0x20 ../montreNIOS_bsp/\libhal_bsp.a(altera_avalon_jtag_uart_read.o)
 .debug_aranges
                0x00000168       0x20 ../montreNIOS_bsp/\libhal_bsp.a(altera_avalon_jtag_uart_write.o)
 .debug_aranges
                0x00000188       0x20 ../montreNIOS_bsp/\libhal_bsp.a(altera_avalon_timer_sc.o)
 .debug_aranges
                0x000001a8       0x20 ../montreNIOS_bsp/\libhal_bsp.a(alt_alarm_start.o)
 .debug_aranges
                0x000001c8       0x20 ../montreNIOS_bsp/\libhal_bsp.a(alt_close.o)
 .debug_aranges
                0x000001e8       0x20 ../montreNIOS_bsp/\libhal_bsp.a(alt_dcache_flush_all.o)
 .debug_aranges
                0x00000208       0x20 ../montreNIOS_bsp/\libhal_bsp.a(alt_dev.o)
 .debug_aranges
                0x00000228       0x20 ../montreNIOS_bsp/\libhal_bsp.a(alt_dev_llist_insert.o)
 .debug_aranges
                0x00000248       0x20 ../montreNIOS_bsp/\libhal_bsp.a(alt_do_ctors.o)
 .debug_aranges
                0x00000268       0x20 ../montreNIOS_bsp/\libhal_bsp.a(alt_do_dtors.o)
 .debug_aranges
                0x00000288       0x20 ../montreNIOS_bsp/\libhal_bsp.a(alt_icache_flush_all.o)
 .debug_aranges
                0x000002a8       0x20 ../montreNIOS_bsp/\libhal_bsp.a(alt_io_redirect.o)
 .debug_aranges
                0x000002c8       0x30 ../montreNIOS_bsp/\libhal_bsp.a(alt_irq_entry.o)
 .debug_aranges
                0x000002f8       0x28 ../montreNIOS_bsp/\libhal_bsp.a(alt_irq_handler.o)
 .debug_aranges
                0x00000320       0x20 ../montreNIOS_bsp/\libhal_bsp.a(alt_open.o)
 .debug_aranges
                0x00000340       0x20 ../montreNIOS_bsp/\libhal_bsp.a(alt_release_fd.o)
 .debug_aranges
                0x00000360       0x20 ../montreNIOS_bsp/\libhal_bsp.a(alt_tick.o)
 .debug_aranges
                0x00000380       0x20 ../montreNIOS_bsp/\libhal_bsp.a(altera_nios2_qsys_irq.o)
 .debug_aranges
                0x000003a0       0x38 ../montreNIOS_bsp/\libhal_bsp.a(alt_exception_entry.o)
 .debug_aranges
                0x000003d8       0x20 ../montreNIOS_bsp/\libhal_bsp.a(alt_find_dev.o)
 .debug_aranges
                0x000003f8       0x20 ../montreNIOS_bsp/\libhal_bsp.a(alt_find_file.o)
 .debug_aranges
                0x00000418       0x20 ../montreNIOS_bsp/\libhal_bsp.a(alt_get_fd.o)
 .debug_aranges
                0x00000438       0x20 c:/altera/13.0sp1/nios2eds/bin/gnu/h-i686-mingw32/bin/../lib/gcc/nios2-elf/4.1.2/../../../../nios2-elf/lib/mno-hw-mul\libc.a(lib_a-atexit.o)
 .debug_aranges
                0x00000458       0x20 c:/altera/13.0sp1/nios2eds/bin/gnu/h-i686-mingw32/bin/../lib/gcc/nios2-elf/4.1.2/../../../../nios2-elf/lib/mno-hw-mul\libc.a(lib_a-exit.o)
 .debug_aranges
                0x00000478       0x20 c:/altera/13.0sp1/nios2eds/bin/gnu/h-i686-mingw32/bin/../lib/gcc/nios2-elf/4.1.2/../../../../nios2-elf/lib/mno-hw-mul\libc.a(lib_a-memcmp.o)
 .debug_aranges
                0x00000498       0x20 c:/altera/13.0sp1/nios2eds/bin/gnu/h-i686-mingw32/bin/../lib/gcc/nios2-elf/4.1.2/../../../../nios2-elf/lib/mno-hw-mul\libc.a(lib_a-memcpy.o)
 .debug_aranges
                0x000004b8       0x20 c:/altera/13.0sp1/nios2eds/bin/gnu/h-i686-mingw32/bin/../lib/gcc/nios2-elf/4.1.2/../../../../nios2-elf/lib/mno-hw-mul\libc.a(lib_a-strlen.o)
 .debug_aranges
                0x000004d8       0x20 c:/altera/13.0sp1/nios2eds/bin/gnu/h-i686-mingw32/bin/../lib/gcc/nios2-elf/4.1.2/../../../../nios2-elf/lib/mno-hw-mul\libc.a(lib_a-__atexit.o)
 .debug_aranges
                0x000004f8       0x20 c:/altera/13.0sp1/nios2eds/bin/gnu/h-i686-mingw32/bin/../lib/gcc/nios2-elf/4.1.2/../../../../nios2-elf/lib/mno-hw-mul\libc.a(lib_a-__call_atexit.o)
 .debug_aranges
                0x00000518       0x20 ../montreNIOS_bsp/\libhal_bsp.a(alt_exit.o)

.debug_pubnames
                0x00000000      0x98f
 *(.debug_pubnames)
 .debug_pubnames
                0x00000000      0x234 obj/default/hello_world.o
 .debug_pubnames
                0x00000234       0x1f c:/altera/13.0sp1/nios2eds/bin/gnu/h-i686-mingw32/bin/../lib/gcc/nios2-elf/4.1.2/mno-hw-mul\libgcc.a(lib2-mul.o)
 .debug_pubnames
                0x00000253       0x27 ../montreNIOS_bsp/\libhal_bsp.a(alt_irq_register.o)
 .debug_pubnames
                0x0000027a       0x3b ../montreNIOS_bsp/\libhal_bsp.a(alt_irq_vars.o)
 .debug_pubnames
                0x000002b5       0x1f ../montreNIOS_bsp/\libhal_bsp.a(alt_load.o)
 .debug_pubnames
                0x000002d4       0x46 ../montreNIOS_bsp/\libhal_bsp.a(alt_main.o)
 .debug_pubnames
                0x0000031a       0x34 ../montreNIOS_bsp/\libhal_bsp.a(alt_sys_init.o)
 .debug_pubnames
                0x0000034e       0xa5 ../montreNIOS_bsp/\libhal_bsp.a(altera_avalon_jtag_uart_fd.o)
 .debug_pubnames
                0x000003f3       0x55 ../montreNIOS_bsp/\libhal_bsp.a(altera_avalon_jtag_uart_init.o)
 .debug_pubnames
                0x00000448       0x34 ../montreNIOS_bsp/\libhal_bsp.a(altera_avalon_jtag_uart_ioctl.o)
 .debug_pubnames
                0x0000047c       0x33 ../montreNIOS_bsp/\libhal_bsp.a(altera_avalon_jtag_uart_read.o)
 .debug_pubnames
                0x000004af       0x34 ../montreNIOS_bsp/\libhal_bsp.a(altera_avalon_jtag_uart_write.o)
 .debug_pubnames
                0x000004e3       0x2f ../montreNIOS_bsp/\libhal_bsp.a(altera_avalon_timer_sc.o)
 .debug_pubnames
                0x00000512       0x26 ../montreNIOS_bsp/\libhal_bsp.a(alt_alarm_start.o)
 .debug_pubnames
                0x00000538       0x1c ../montreNIOS_bsp/\libhal_bsp.a(alt_close.o)
 .debug_pubnames
                0x00000554       0x2b ../montreNIOS_bsp/\libhal_bsp.a(alt_dcache_flush_all.o)
 .debug_pubnames
                0x0000057f       0x63 ../montreNIOS_bsp/\libhal_bsp.a(alt_dev.o)
 .debug_pubnames
                0x000005e2       0x2b ../montreNIOS_bsp/\libhal_bsp.a(alt_dev_llist_insert.o)
 .debug_pubnames
                0x0000060d       0x20 ../montreNIOS_bsp/\libhal_bsp.a(alt_do_ctors.o)
 .debug_pubnames
                0x0000062d       0x20 ../montreNIOS_bsp/\libhal_bsp.a(alt_do_dtors.o)
 .debug_pubnames
                0x0000064d       0x20 ../montreNIOS_bsp/\libhal_bsp.a(alt_errno.o)
 .debug_pubnames
                0x0000066d       0x2b ../montreNIOS_bsp/\libhal_bsp.a(alt_icache_flush_all.o)
 .debug_pubnames
                0x00000698       0x26 ../montreNIOS_bsp/\libhal_bsp.a(alt_io_redirect.o)
 .debug_pubnames
                0x000006be       0x32 ../montreNIOS_bsp/\libhal_bsp.a(alt_irq_handler.o)
 .debug_pubnames
                0x000006f0       0x1b ../montreNIOS_bsp/\libhal_bsp.a(alt_open.o)
 .debug_pubnames
                0x0000070b       0x25 ../montreNIOS_bsp/\libhal_bsp.a(alt_release_fd.o)
 .debug_pubnames
                0x00000730       0x68 ../montreNIOS_bsp/\libhal_bsp.a(alt_tick.o)
 .debug_pubnames
                0x00000798       0x31 ../montreNIOS_bsp/\libhal_bsp.a(altera_nios2_qsys_irq.o)
 .debug_pubnames
                0x000007c9       0x23 ../montreNIOS_bsp/\libhal_bsp.a(alt_find_dev.o)
 .debug_pubnames
                0x000007ec       0x24 ../montreNIOS_bsp/\libhal_bsp.a(alt_find_file.o)
 .debug_pubnames
                0x00000810       0x21 ../montreNIOS_bsp/\libhal_bsp.a(alt_get_fd.o)
 .debug_pubnames
                0x00000831       0x2a c:/altera/13.0sp1/nios2eds/bin/gnu/h-i686-mingw32/bin/../lib/gcc/nios2-elf/4.1.2/../../../../nios2-elf/lib/mno-hw-mul\libc.a(lib_a-atexit.o)
 .debug_pubnames
                0x0000085b       0x1b c:/altera/13.0sp1/nios2eds/bin/gnu/h-i686-mingw32/bin/../lib/gcc/nios2-elf/4.1.2/../../../../nios2-elf/lib/mno-hw-mul\libc.a(lib_a-exit.o)
 .debug_pubnames
                0x00000876       0x39 c:/altera/13.0sp1/nios2eds/bin/gnu/h-i686-mingw32/bin/../lib/gcc/nios2-elf/4.1.2/../../../../nios2-elf/lib/mno-hw-mul\libc.a(lib_a-impure.o)
 .debug_pubnames
                0x000008af       0x1c c:/altera/13.0sp1/nios2eds/bin/gnu/h-i686-mingw32/bin/../lib/gcc/nios2-elf/4.1.2/../../../../nios2-elf/lib/mno-hw-mul\libc.a(lib_a-int_errno.o)
 .debug_pubnames
                0x000008cb       0x1d c:/altera/13.0sp1/nios2eds/bin/gnu/h-i686-mingw32/bin/../lib/gcc/nios2-elf/4.1.2/../../../../nios2-elf/lib/mno-hw-mul\libc.a(lib_a-memcmp.o)
 .debug_pubnames
                0x000008e8       0x1d c:/altera/13.0sp1/nios2eds/bin/gnu/h-i686-mingw32/bin/../lib/gcc/nios2-elf/4.1.2/../../../../nios2-elf/lib/mno-hw-mul\libc.a(lib_a-memcpy.o)
 .debug_pubnames
                0x00000905       0x1d c:/altera/13.0sp1/nios2eds/bin/gnu/h-i686-mingw32/bin/../lib/gcc/nios2-elf/4.1.2/../../../../nios2-elf/lib/mno-hw-mul\libc.a(lib_a-strlen.o)
 .debug_pubnames
                0x00000922       0x2a c:/altera/13.0sp1/nios2eds/bin/gnu/h-i686-mingw32/bin/../lib/gcc/nios2-elf/4.1.2/../../../../nios2-elf/lib/mno-hw-mul\libc.a(lib_a-__atexit.o)
 .debug_pubnames
                0x0000094c       0x27 c:/altera/13.0sp1/nios2eds/bin/gnu/h-i686-mingw32/bin/../lib/gcc/nios2-elf/4.1.2/../../../../nios2-elf/lib/mno-hw-mul\libc.a(lib_a-__call_atexit.o)
 .debug_pubnames
                0x00000973       0x1c ../montreNIOS_bsp/\libhal_bsp.a(alt_exit.o)

.debug_info     0x00000000     0xa252
 *(.debug_info .gnu.linkonce.wi.*)
 .debug_info    0x00000000       0x5c ../montreNIOS_bsp//obj/HAL/src/crt0.o
 .debug_info    0x0000005c      0x694 obj/default/hello_world.o
 .debug_info    0x000006f0       0xf3 c:/altera/13.0sp1/nios2eds/bin/gnu/h-i686-mingw32/bin/../lib/gcc/nios2-elf/4.1.2/mno-hw-mul\libgcc.a(lib2-mul.o)
 .debug_info    0x000007e3      0x410 ../montreNIOS_bsp/\libhal_bsp.a(alt_irq_register.o)
 .debug_info    0x00000bf3      0x148 ../montreNIOS_bsp/\libhal_bsp.a(alt_irq_vars.o)
 .debug_info    0x00000d3b      0x26e ../montreNIOS_bsp/\libhal_bsp.a(alt_load.o)
 .debug_info    0x00000fa9      0x24d ../montreNIOS_bsp/\libhal_bsp.a(alt_main.o)
 .debug_info    0x000011f6      0x791 ../montreNIOS_bsp/\libhal_bsp.a(alt_sys_init.o)
 .debug_info    0x00001987      0x7ba ../montreNIOS_bsp/\libhal_bsp.a(altera_avalon_jtag_uart_fd.o)
 .debug_info    0x00002141      0x622 ../montreNIOS_bsp/\libhal_bsp.a(altera_avalon_jtag_uart_init.o)
 .debug_info    0x00002763      0x424 ../montreNIOS_bsp/\libhal_bsp.a(altera_avalon_jtag_uart_ioctl.o)
 .debug_info    0x00002b87      0x55a ../montreNIOS_bsp/\libhal_bsp.a(altera_avalon_jtag_uart_read.o)
 .debug_info    0x000030e1      0x552 ../montreNIOS_bsp/\libhal_bsp.a(altera_avalon_jtag_uart_write.o)
 .debug_info    0x00003633      0x3ac ../montreNIOS_bsp/\libhal_bsp.a(altera_avalon_timer_sc.o)
 .debug_info    0x000039df      0x456 ../montreNIOS_bsp/\libhal_bsp.a(alt_alarm_start.o)
 .debug_info    0x00003e35      0x448 ../montreNIOS_bsp/\libhal_bsp.a(alt_close.o)
 .debug_info    0x0000427d      0x13d ../montreNIOS_bsp/\libhal_bsp.a(alt_dcache_flush_all.o)
 .debug_info    0x000043ba      0x660 ../montreNIOS_bsp/\libhal_bsp.a(alt_dev.o)
 .debug_info    0x00004a1a      0x298 ../montreNIOS_bsp/\libhal_bsp.a(alt_dev_llist_insert.o)
 .debug_info    0x00004cb2       0xf0 ../montreNIOS_bsp/\libhal_bsp.a(alt_do_ctors.o)
 .debug_info    0x00004da2       0xef ../montreNIOS_bsp/\libhal_bsp.a(alt_do_dtors.o)
 .debug_info    0x00004e91      0x145 ../montreNIOS_bsp/\libhal_bsp.a(alt_errno.o)
 .debug_info    0x00004fd6      0x13d ../montreNIOS_bsp/\libhal_bsp.a(alt_icache_flush_all.o)
 .debug_info    0x00005113      0x676 ../montreNIOS_bsp/\libhal_bsp.a(alt_io_redirect.o)
 .debug_info    0x00005789       0x65 ../montreNIOS_bsp/\libhal_bsp.a(alt_irq_entry.o)
 .debug_info    0x000057ee      0x293 ../montreNIOS_bsp/\libhal_bsp.a(alt_irq_handler.o)
 .debug_info    0x00005a81      0x506 ../montreNIOS_bsp/\libhal_bsp.a(alt_open.o)
 .debug_info    0x00005f87      0x3d3 ../montreNIOS_bsp/\libhal_bsp.a(alt_release_fd.o)
 .debug_info    0x0000635a      0x412 ../montreNIOS_bsp/\libhal_bsp.a(alt_tick.o)
 .debug_info    0x0000676c      0x18b ../montreNIOS_bsp/\libhal_bsp.a(altera_nios2_qsys_irq.o)
 .debug_info    0x000068f7       0x6b ../montreNIOS_bsp/\libhal_bsp.a(alt_exception_entry.o)
 .debug_info    0x00006962      0x3f9 ../montreNIOS_bsp/\libhal_bsp.a(alt_find_dev.o)
 .debug_info    0x00006d5b      0x400 ../montreNIOS_bsp/\libhal_bsp.a(alt_find_file.o)
 .debug_info    0x0000715b      0x441 ../montreNIOS_bsp/\libhal_bsp.a(alt_get_fd.o)
 .debug_info    0x0000759c      0x181 c:/altera/13.0sp1/nios2eds/bin/gnu/h-i686-mingw32/bin/../lib/gcc/nios2-elf/4.1.2/../../../../nios2-elf/lib/mno-hw-mul\libc.a(lib_a-atexit.o)
 .debug_info    0x0000771d      0x93f c:/altera/13.0sp1/nios2eds/bin/gnu/h-i686-mingw32/bin/../lib/gcc/nios2-elf/4.1.2/../../../../nios2-elf/lib/mno-hw-mul\libc.a(lib_a-exit.o)
 .debug_info    0x0000805c      0x93d c:/altera/13.0sp1/nios2eds/bin/gnu/h-i686-mingw32/bin/../lib/gcc/nios2-elf/4.1.2/../../../../nios2-elf/lib/mno-hw-mul\libc.a(lib_a-impure.o)
 .debug_info    0x00008999       0x8c c:/altera/13.0sp1/nios2eds/bin/gnu/h-i686-mingw32/bin/../lib/gcc/nios2-elf/4.1.2/../../../../nios2-elf/lib/mno-hw-mul\libc.a(lib_a-int_errno.o)
 .debug_info    0x00008a25      0x115 c:/altera/13.0sp1/nios2eds/bin/gnu/h-i686-mingw32/bin/../lib/gcc/nios2-elf/4.1.2/../../../../nios2-elf/lib/mno-hw-mul\libc.a(lib_a-memcmp.o)
 .debug_info    0x00008b3a      0x106 c:/altera/13.0sp1/nios2eds/bin/gnu/h-i686-mingw32/bin/../lib/gcc/nios2-elf/4.1.2/../../../../nios2-elf/lib/mno-hw-mul\libc.a(lib_a-memcpy.o)
 .debug_info    0x00008c40       0xdb c:/altera/13.0sp1/nios2eds/bin/gnu/h-i686-mingw32/bin/../lib/gcc/nios2-elf/4.1.2/../../../../nios2-elf/lib/mno-hw-mul\libc.a(lib_a-strlen.o)
 .debug_info    0x00008d1b      0x99c c:/altera/13.0sp1/nios2eds/bin/gnu/h-i686-mingw32/bin/../lib/gcc/nios2-elf/4.1.2/../../../../nios2-elf/lib/mno-hw-mul\libc.a(lib_a-__atexit.o)
 .debug_info    0x000096b7      0x9e2 c:/altera/13.0sp1/nios2eds/bin/gnu/h-i686-mingw32/bin/../lib/gcc/nios2-elf/4.1.2/../../../../nios2-elf/lib/mno-hw-mul\libc.a(lib_a-__call_atexit.o)
 .debug_info    0x0000a099      0x1b9 ../montreNIOS_bsp/\libhal_bsp.a(alt_exit.o)

.debug_abbrev   0x00000000     0x25cb
 *(.debug_abbrev)
 .debug_abbrev  0x00000000       0x12 ../montreNIOS_bsp//obj/HAL/src/crt0.o
 .debug_abbrev  0x00000012      0x12b obj/default/hello_world.o
 .debug_abbrev  0x0000013d       0x7b c:/altera/13.0sp1/nios2eds/bin/gnu/h-i686-mingw32/bin/../lib/gcc/nios2-elf/4.1.2/mno-hw-mul\libgcc.a(lib2-mul.o)
 .debug_abbrev  0x000001b8      0x180 ../montreNIOS_bsp/\libhal_bsp.a(alt_irq_register.o)
 .debug_abbrev  0x00000338       0x44 ../montreNIOS_bsp/\libhal_bsp.a(alt_irq_vars.o)
 .debug_abbrev  0x0000037c       0x88 ../montreNIOS_bsp/\libhal_bsp.a(alt_load.o)
 .debug_abbrev  0x00000404       0xbe ../montreNIOS_bsp/\libhal_bsp.a(alt_main.o)
 .debug_abbrev  0x000004c2      0x15e ../montreNIOS_bsp/\libhal_bsp.a(alt_sys_init.o)
 .debug_abbrev  0x00000620       0xf7 ../montreNIOS_bsp/\libhal_bsp.a(altera_avalon_jtag_uart_fd.o)
 .debug_abbrev  0x00000717      0x17c ../montreNIOS_bsp/\libhal_bsp.a(altera_avalon_jtag_uart_init.o)
 .debug_abbrev  0x00000893       0xf0 ../montreNIOS_bsp/\libhal_bsp.a(altera_avalon_jtag_uart_ioctl.o)
 .debug_abbrev  0x00000983      0x191 ../montreNIOS_bsp/\libhal_bsp.a(altera_avalon_jtag_uart_read.o)
 .debug_abbrev  0x00000b14      0x18d ../montreNIOS_bsp/\libhal_bsp.a(altera_avalon_jtag_uart_write.o)
 .debug_abbrev  0x00000ca1      0x137 ../montreNIOS_bsp/\libhal_bsp.a(altera_avalon_timer_sc.o)
 .debug_abbrev  0x00000dd8      0x172 ../montreNIOS_bsp/\libhal_bsp.a(alt_alarm_start.o)
 .debug_abbrev  0x00000f4a       0xfb ../montreNIOS_bsp/\libhal_bsp.a(alt_close.o)
 .debug_abbrev  0x00001045       0x3f ../montreNIOS_bsp/\libhal_bsp.a(alt_dcache_flush_all.o)
 .debug_abbrev  0x00001084       0xc7 ../montreNIOS_bsp/\libhal_bsp.a(alt_dev.o)
 .debug_abbrev  0x0000114b       0xf6 ../montreNIOS_bsp/\libhal_bsp.a(alt_dev_llist_insert.o)
 .debug_abbrev  0x00001241       0x76 ../montreNIOS_bsp/\libhal_bsp.a(alt_do_ctors.o)
 .debug_abbrev  0x000012b7       0x76 ../montreNIOS_bsp/\libhal_bsp.a(alt_do_dtors.o)
 .debug_abbrev  0x0000132d       0x5e ../montreNIOS_bsp/\libhal_bsp.a(alt_errno.o)
 .debug_abbrev  0x0000138b       0x3f ../montreNIOS_bsp/\libhal_bsp.a(alt_icache_flush_all.o)
 .debug_abbrev  0x000013ca       0xf0 ../montreNIOS_bsp/\libhal_bsp.a(alt_io_redirect.o)
 .debug_abbrev  0x000014ba       0x12 ../montreNIOS_bsp/\libhal_bsp.a(alt_irq_entry.o)
 .debug_abbrev  0x000014cc      0x124 ../montreNIOS_bsp/\libhal_bsp.a(alt_irq_handler.o)
 .debug_abbrev  0x000015f0      0x112 ../montreNIOS_bsp/\libhal_bsp.a(alt_open.o)
 .debug_abbrev  0x00001702       0xc1 ../montreNIOS_bsp/\libhal_bsp.a(alt_release_fd.o)
 .debug_abbrev  0x000017c3      0x161 ../montreNIOS_bsp/\libhal_bsp.a(alt_tick.o)
 .debug_abbrev  0x00001924       0x64 ../montreNIOS_bsp/\libhal_bsp.a(altera_nios2_qsys_irq.o)
 .debug_abbrev  0x00001988       0x12 ../montreNIOS_bsp/\libhal_bsp.a(alt_exception_entry.o)
 .debug_abbrev  0x0000199a       0xcf ../montreNIOS_bsp/\libhal_bsp.a(alt_find_dev.o)
 .debug_abbrev  0x00001a69       0xcf ../montreNIOS_bsp/\libhal_bsp.a(alt_find_file.o)
 .debug_abbrev  0x00001b38       0xfb ../montreNIOS_bsp/\libhal_bsp.a(alt_get_fd.o)
 .debug_abbrev  0x00001c33       0xb7 c:/altera/13.0sp1/nios2eds/bin/gnu/h-i686-mingw32/bin/../lib/gcc/nios2-elf/4.1.2/../../../../nios2-elf/lib/mno-hw-mul\libc.a(lib_a-atexit.o)
 .debug_abbrev  0x00001cea      0x16e c:/altera/13.0sp1/nios2eds/bin/gnu/h-i686-mingw32/bin/../lib/gcc/nios2-elf/4.1.2/../../../../nios2-elf/lib/mno-hw-mul\libc.a(lib_a-exit.o)
 .debug_abbrev  0x00001e58      0x157 c:/altera/13.0sp1/nios2eds/bin/gnu/h-i686-mingw32/bin/../lib/gcc/nios2-elf/4.1.2/../../../../nios2-elf/lib/mno-hw-mul\libc.a(lib_a-impure.o)
 .debug_abbrev  0x00001faf       0x3b c:/altera/13.0sp1/nios2eds/bin/gnu/h-i686-mingw32/bin/../lib/gcc/nios2-elf/4.1.2/../../../../nios2-elf/lib/mno-hw-mul\libc.a(lib_a-int_errno.o)
 .debug_abbrev  0x00001fea       0x7c c:/altera/13.0sp1/nios2eds/bin/gnu/h-i686-mingw32/bin/../lib/gcc/nios2-elf/4.1.2/../../../../nios2-elf/lib/mno-hw-mul\libc.a(lib_a-memcmp.o)
 .debug_abbrev  0x00002066       0xb5 c:/altera/13.0sp1/nios2eds/bin/gnu/h-i686-mingw32/bin/../lib/gcc/nios2-elf/4.1.2/../../../../nios2-elf/lib/mno-hw-mul\libc.a(lib_a-memcpy.o)
 .debug_abbrev  0x0000211b       0x8b c:/altera/13.0sp1/nios2eds/bin/gnu/h-i686-mingw32/bin/../lib/gcc/nios2-elf/4.1.2/../../../../nios2-elf/lib/mno-hw-mul\libc.a(lib_a-strlen.o)
 .debug_abbrev  0x000021a6      0x1ae c:/altera/13.0sp1/nios2eds/bin/gnu/h-i686-mingw32/bin/../lib/gcc/nios2-elf/4.1.2/../../../../nios2-elf/lib/mno-hw-mul\libc.a(lib_a-__atexit.o)
 .debug_abbrev  0x00002354      0x1de c:/altera/13.0sp1/nios2eds/bin/gnu/h-i686-mingw32/bin/../lib/gcc/nios2-elf/4.1.2/../../../../nios2-elf/lib/mno-hw-mul\libc.a(lib_a-__call_atexit.o)
 .debug_abbrev  0x00002532       0x99 ../montreNIOS_bsp/\libhal_bsp.a(alt_exit.o)

.debug_line     0x00000000     0x65ec
 *(.debug_line)
 .debug_line    0x00000000       0x66 ../montreNIOS_bsp//obj/HAL/src/crt0.o
 .debug_line    0x00000066      0x59e obj/default/hello_world.o
 .debug_line    0x00000604      0x11a c:/altera/13.0sp1/nios2eds/bin/gnu/h-i686-mingw32/bin/../lib/gcc/nios2-elf/4.1.2/mno-hw-mul\libgcc.a(lib2-mul.o)
 .debug_line    0x0000071e      0x303 ../montreNIOS_bsp/\libhal_bsp.a(alt_irq_register.o)
 .debug_line    0x00000a21       0x72 ../montreNIOS_bsp/\libhal_bsp.a(alt_irq_vars.o)
 .debug_line    0x00000a93      0x217 ../montreNIOS_bsp/\libhal_bsp.a(alt_load.o)
 .debug_line    0x00000caa      0x2de ../montreNIOS_bsp/\libhal_bsp.a(alt_main.o)
 .debug_line    0x00000f88      0x312 ../montreNIOS_bsp/\libhal_bsp.a(alt_sys_init.o)
 .debug_line    0x0000129a      0x217 ../montreNIOS_bsp/\libhal_bsp.a(altera_avalon_jtag_uart_fd.o)
 .debug_line    0x000014b1      0x4bf ../montreNIOS_bsp/\libhal_bsp.a(altera_avalon_jtag_uart_init.o)
 .debug_line    0x00001970      0x317 ../montreNIOS_bsp/\libhal_bsp.a(altera_avalon_jtag_uart_ioctl.o)
 .debug_line    0x00001c87      0x40b ../montreNIOS_bsp/\libhal_bsp.a(altera_avalon_jtag_uart_read.o)
 .debug_line    0x00002092      0x419 ../montreNIOS_bsp/\libhal_bsp.a(altera_avalon_jtag_uart_write.o)
 .debug_line    0x000024ab      0x2ca ../montreNIOS_bsp/\libhal_bsp.a(altera_avalon_timer_sc.o)
 .debug_line    0x00002775      0x2f5 ../montreNIOS_bsp/\libhal_bsp.a(alt_alarm_start.o)
 .debug_line    0x00002a6a      0x299 ../montreNIOS_bsp/\libhal_bsp.a(alt_close.o)
 .debug_line    0x00002d03      0x1b5 ../montreNIOS_bsp/\libhal_bsp.a(alt_dcache_flush_all.o)
 .debug_line    0x00002eb8      0x254 ../montreNIOS_bsp/\libhal_bsp.a(alt_dev.o)
 .debug_line    0x0000310c      0x25a ../montreNIOS_bsp/\libhal_bsp.a(alt_dev_llist_insert.o)
 .debug_line    0x00003366       0x83 ../montreNIOS_bsp/\libhal_bsp.a(alt_do_ctors.o)
 .debug_line    0x000033e9       0x83 ../montreNIOS_bsp/\libhal_bsp.a(alt_do_dtors.o)
 .debug_line    0x0000346c      0x1aa ../montreNIOS_bsp/\libhal_bsp.a(alt_errno.o)
 .debug_line    0x00003616      0x1b5 ../montreNIOS_bsp/\libhal_bsp.a(alt_icache_flush_all.o)
 .debug_line    0x000037cb      0x2b4 ../montreNIOS_bsp/\libhal_bsp.a(alt_io_redirect.o)
 .debug_line    0x00003a7f       0x6b ../montreNIOS_bsp/\libhal_bsp.a(alt_irq_entry.o)
 .debug_line    0x00003aea      0x261 ../montreNIOS_bsp/\libhal_bsp.a(alt_irq_handler.o)
 .debug_line    0x00003d4b      0x2ff ../montreNIOS_bsp/\libhal_bsp.a(alt_open.o)
 .debug_line    0x0000404a       0xed ../montreNIOS_bsp/\libhal_bsp.a(alt_release_fd.o)
 .debug_line    0x00004137      0x2f5 ../montreNIOS_bsp/\libhal_bsp.a(alt_tick.o)
 .debug_line    0x0000442c      0x1e7 ../montreNIOS_bsp/\libhal_bsp.a(altera_nios2_qsys_irq.o)
 .debug_line    0x00004613       0xab ../montreNIOS_bsp/\libhal_bsp.a(alt_exception_entry.o)
 .debug_line    0x000046be      0x26b ../montreNIOS_bsp/\libhal_bsp.a(alt_find_dev.o)
 .debug_line    0x00004929      0x27c ../montreNIOS_bsp/\libhal_bsp.a(alt_find_file.o)
 .debug_line    0x00004ba5      0x297 ../montreNIOS_bsp/\libhal_bsp.a(alt_get_fd.o)
 .debug_line    0x00004e3c      0x203 c:/altera/13.0sp1/nios2eds/bin/gnu/h-i686-mingw32/bin/../lib/gcc/nios2-elf/4.1.2/../../../../nios2-elf/lib/mno-hw-mul\libc.a(lib_a-atexit.o)
 .debug_line    0x0000503f      0x23b c:/altera/13.0sp1/nios2eds/bin/gnu/h-i686-mingw32/bin/../lib/gcc/nios2-elf/4.1.2/../../../../nios2-elf/lib/mno-hw-mul\libc.a(lib_a-exit.o)
 .debug_line    0x0000527a      0x230 c:/altera/13.0sp1/nios2eds/bin/gnu/h-i686-mingw32/bin/../lib/gcc/nios2-elf/4.1.2/../../../../nios2-elf/lib/mno-hw-mul\libc.a(lib_a-impure.o)
 .debug_line    0x000054aa      0x1e2 c:/altera/13.0sp1/nios2eds/bin/gnu/h-i686-mingw32/bin/../lib/gcc/nios2-elf/4.1.2/../../../../nios2-elf/lib/mno-hw-mul\libc.a(lib_a-int_errno.o)
 .debug_line    0x0000568c      0x2a2 c:/altera/13.0sp1/nios2eds/bin/gnu/h-i686-mingw32/bin/../lib/gcc/nios2-elf/4.1.2/../../../../nios2-elf/lib/mno-hw-mul\libc.a(lib_a-memcmp.o)
 .debug_line    0x0000592e      0x1af c:/altera/13.0sp1/nios2eds/bin/gnu/h-i686-mingw32/bin/../lib/gcc/nios2-elf/4.1.2/../../../../nios2-elf/lib/mno-hw-mul\libc.a(lib_a-memcpy.o)
 .debug_line    0x00005add      0x270 c:/altera/13.0sp1/nios2eds/bin/gnu/h-i686-mingw32/bin/../lib/gcc/nios2-elf/4.1.2/../../../../nios2-elf/lib/mno-hw-mul\libc.a(lib_a-strlen.o)
 .debug_line    0x00005d4d      0x316 c:/altera/13.0sp1/nios2eds/bin/gnu/h-i686-mingw32/bin/../lib/gcc/nios2-elf/4.1.2/../../../../nios2-elf/lib/mno-hw-mul\libc.a(lib_a-__atexit.o)
 .debug_line    0x00006063      0x36a c:/altera/13.0sp1/nios2eds/bin/gnu/h-i686-mingw32/bin/../lib/gcc/nios2-elf/4.1.2/../../../../nios2-elf/lib/mno-hw-mul\libc.a(lib_a-__call_atexit.o)
 .debug_line    0x000063cd      0x21f ../montreNIOS_bsp/\libhal_bsp.a(alt_exit.o)

.debug_frame    0x00000000      0x94c
 *(.debug_frame)
 .debug_frame   0x00000000      0x148 obj/default/hello_world.o
 .debug_frame   0x00000148       0x20 c:/altera/13.0sp1/nios2eds/bin/gnu/h-i686-mingw32/bin/../lib/gcc/nios2-elf/4.1.2/mno-hw-mul\libgcc.a(lib2-mul.o)
 .debug_frame   0x00000168       0x2c ../montreNIOS_bsp/\libhal_bsp.a(alt_irq_register.o)
 .debug_frame   0x00000194       0x48 ../montreNIOS_bsp/\libhal_bsp.a(alt_load.o)
 .debug_frame   0x000001dc       0x2c ../montreNIOS_bsp/\libhal_bsp.a(alt_main.o)
 .debug_frame   0x00000208       0x64 ../montreNIOS_bsp/\libhal_bsp.a(alt_sys_init.o)
 .debug_frame   0x0000026c       0x80 ../montreNIOS_bsp/\libhal_bsp.a(altera_avalon_jtag_uart_fd.o)
 .debug_frame   0x000002ec       0x80 ../montreNIOS_bsp/\libhal_bsp.a(altera_avalon_jtag_uart_init.o)
 .debug_frame   0x0000036c       0x2c ../montreNIOS_bsp/\libhal_bsp.a(altera_avalon_jtag_uart_ioctl.o)
 .debug_frame   0x00000398       0x2c ../montreNIOS_bsp/\libhal_bsp.a(altera_avalon_jtag_uart_read.o)
 .debug_frame   0x000003c4       0x2c ../montreNIOS_bsp/\libhal_bsp.a(altera_avalon_jtag_uart_write.o)
 .debug_frame   0x000003f0       0x48 ../montreNIOS_bsp/\libhal_bsp.a(altera_avalon_timer_sc.o)
 .debug_frame   0x00000438       0x2c ../montreNIOS_bsp/\libhal_bsp.a(alt_alarm_start.o)
 .debug_frame   0x00000464       0x48 ../montreNIOS_bsp/\libhal_bsp.a(alt_close.o)
 .debug_frame   0x000004ac       0x2c ../montreNIOS_bsp/\libhal_bsp.a(alt_dcache_flush_all.o)
 .debug_frame   0x000004d8       0x2c ../montreNIOS_bsp/\libhal_bsp.a(alt_dev.o)
 .debug_frame   0x00000504       0x48 ../montreNIOS_bsp/\libhal_bsp.a(alt_dev_llist_insert.o)
 .debug_frame   0x0000054c       0x2c ../montreNIOS_bsp/\libhal_bsp.a(alt_do_ctors.o)
 .debug_frame   0x00000578       0x2c ../montreNIOS_bsp/\libhal_bsp.a(alt_do_dtors.o)
 .debug_frame   0x000005a4       0x2c ../montreNIOS_bsp/\libhal_bsp.a(alt_icache_flush_all.o)
 .debug_frame   0x000005d0       0x4c ../montreNIOS_bsp/\libhal_bsp.a(alt_io_redirect.o)
 .debug_frame   0x0000061c       0x2c ../montreNIOS_bsp/\libhal_bsp.a(alt_irq_handler.o)
 .debug_frame   0x00000648       0x68 ../montreNIOS_bsp/\libhal_bsp.a(alt_open.o)
 .debug_frame   0x000006b0       0x30 ../montreNIOS_bsp/\libhal_bsp.a(alt_release_fd.o)
 .debug_frame   0x000006e0       0x48 ../montreNIOS_bsp/\libhal_bsp.a(alt_tick.o)
 .debug_frame   0x00000728       0x2c ../montreNIOS_bsp/\libhal_bsp.a(altera_nios2_qsys_irq.o)
 .debug_frame   0x00000754       0x2c ../montreNIOS_bsp/\libhal_bsp.a(alt_find_dev.o)
 .debug_frame   0x00000780       0x2c ../montreNIOS_bsp/\libhal_bsp.a(alt_find_file.o)
 .debug_frame   0x000007ac       0x30 ../montreNIOS_bsp/\libhal_bsp.a(alt_get_fd.o)
 .debug_frame   0x000007dc       0x20 c:/altera/13.0sp1/nios2eds/bin/gnu/h-i686-mingw32/bin/../lib/gcc/nios2-elf/4.1.2/../../../../nios2-elf/lib/mno-hw-mul\libc.a(lib_a-atexit.o)
 .debug_frame   0x000007fc       0x28 c:/altera/13.0sp1/nios2eds/bin/gnu/h-i686-mingw32/bin/../lib/gcc/nios2-elf/4.1.2/../../../../nios2-elf/lib/mno-hw-mul\libc.a(lib_a-exit.o)
 .debug_frame   0x00000824       0x20 c:/altera/13.0sp1/nios2eds/bin/gnu/h-i686-mingw32/bin/../lib/gcc/nios2-elf/4.1.2/../../../../nios2-elf/lib/mno-hw-mul\libc.a(lib_a-memcmp.o)
 .debug_frame   0x00000844       0x20 c:/altera/13.0sp1/nios2eds/bin/gnu/h-i686-mingw32/bin/../lib/gcc/nios2-elf/4.1.2/../../../../nios2-elf/lib/mno-hw-mul\libc.a(lib_a-memcpy.o)
 .debug_frame   0x00000864       0x20 c:/altera/13.0sp1/nios2eds/bin/gnu/h-i686-mingw32/bin/../lib/gcc/nios2-elf/4.1.2/../../../../nios2-elf/lib/mno-hw-mul\libc.a(lib_a-strlen.o)
 .debug_frame   0x00000884       0x34 c:/altera/13.0sp1/nios2eds/bin/gnu/h-i686-mingw32/bin/../lib/gcc/nios2-elf/4.1.2/../../../../nios2-elf/lib/mno-hw-mul\libc.a(lib_a-__atexit.o)
 .debug_frame   0x000008b8       0x4c c:/altera/13.0sp1/nios2eds/bin/gnu/h-i686-mingw32/bin/../lib/gcc/nios2-elf/4.1.2/../../../../nios2-elf/lib/mno-hw-mul\libc.a(lib_a-__call_atexit.o)
 .debug_frame   0x00000904       0x48 ../montreNIOS_bsp/\libhal_bsp.a(alt_exit.o)

.debug_str      0x00000000      0xbdd
 *(.debug_str)
 .debug_str     0x00000000       0x3a obj/default/hello_world.o
 .debug_str     0x0000003a      0x128 c:/altera/13.0sp1/nios2eds/bin/gnu/h-i686-mingw32/bin/../lib/gcc/nios2-elf/4.1.2/mno-hw-mul\libgcc.a(lib2-mul.o)
                                0x175 (size before relaxing)
 .debug_str     0x00000162       0x21 ../montreNIOS_bsp/\libhal_bsp.a(alt_irq_register.o)
 .debug_str     0x00000183       0x12 ../montreNIOS_bsp/\libhal_bsp.a(alt_load.o)
 .debug_str     0x00000195       0x12 ../montreNIOS_bsp/\libhal_bsp.a(alt_main.o)
 .debug_str     0x000001a7       0x2b ../montreNIOS_bsp/\libhal_bsp.a(alt_sys_init.o)
 .debug_str     0x000001d2       0x12 ../montreNIOS_bsp/\libhal_bsp.a(altera_avalon_jtag_uart_fd.o)
 .debug_str     0x000001e4       0x1a ../montreNIOS_bsp/\libhal_bsp.a(altera_avalon_jtag_uart_init.o)
 .debug_str     0x000001fe       0x12 ../montreNIOS_bsp/\libhal_bsp.a(altera_avalon_jtag_uart_ioctl.o)
 .debug_str     0x00000210       0x1a ../montreNIOS_bsp/\libhal_bsp.a(altera_avalon_jtag_uart_read.o)
 .debug_str     0x0000022a       0x1a ../montreNIOS_bsp/\libhal_bsp.a(altera_avalon_jtag_uart_write.o)
 .debug_str     0x00000244       0x12 ../montreNIOS_bsp/\libhal_bsp.a(altera_avalon_timer_sc.o)
 .debug_str     0x00000256       0x23 ../montreNIOS_bsp/\libhal_bsp.a(alt_alarm_start.o)
 .debug_str     0x00000279       0x12 ../montreNIOS_bsp/\libhal_bsp.a(alt_close.o)
 .debug_str     0x0000028b       0x12 ../montreNIOS_bsp/\libhal_bsp.a(alt_dcache_flush_all.o)
 .debug_str     0x0000029d       0x12 ../montreNIOS_bsp/\libhal_bsp.a(alt_dev.o)
 .debug_str     0x000002af       0x12 ../montreNIOS_bsp/\libhal_bsp.a(alt_dev_llist_insert.o)
 .debug_str     0x000002c1       0x12 ../montreNIOS_bsp/\libhal_bsp.a(alt_errno.o)
 .debug_str     0x000002d3       0x12 ../montreNIOS_bsp/\libhal_bsp.a(alt_icache_flush_all.o)
 .debug_str     0x000002e5       0x12 ../montreNIOS_bsp/\libhal_bsp.a(alt_io_redirect.o)
 .debug_str     0x000002f7       0x12 ../montreNIOS_bsp/\libhal_bsp.a(alt_irq_handler.o)
 .debug_str     0x00000309       0x12 ../montreNIOS_bsp/\libhal_bsp.a(alt_open.o)
 .debug_str     0x0000031b       0x1a ../montreNIOS_bsp/\libhal_bsp.a(alt_tick.o)
 .debug_str     0x00000335       0x12 ../montreNIOS_bsp/\libhal_bsp.a(altera_nios2_qsys_irq.o)
 .debug_str     0x00000347       0x12 ../montreNIOS_bsp/\libhal_bsp.a(alt_find_dev.o)
 .debug_str     0x00000359       0x12 ../montreNIOS_bsp/\libhal_bsp.a(alt_find_file.o)
 .debug_str     0x0000036b       0x12 ../montreNIOS_bsp/\libhal_bsp.a(alt_get_fd.o)
 .debug_str     0x0000037d      0x12b c:/altera/13.0sp1/nios2eds/bin/gnu/h-i686-mingw32/bin/../lib/gcc/nios2-elf/4.1.2/../../../../nios2-elf/lib/mno-hw-mul\libc.a(lib_a-atexit.o)
                                0x1cd (size before relaxing)
 .debug_str     0x000004a8      0x387 c:/altera/13.0sp1/nios2eds/bin/gnu/h-i686-mingw32/bin/../lib/gcc/nios2-elf/4.1.2/../../../../nios2-elf/lib/mno-hw-mul\libc.a(lib_a-exit.o)
                                0x51a (size before relaxing)
 .debug_str     0x0000082f       0xdf c:/altera/13.0sp1/nios2eds/bin/gnu/h-i686-mingw32/bin/../lib/gcc/nios2-elf/4.1.2/../../../../nios2-elf/lib/mno-hw-mul\libc.a(lib_a-impure.o)
                                0x528 (size before relaxing)
 .debug_str     0x0000090e       0x40 c:/altera/13.0sp1/nios2eds/bin/gnu/h-i686-mingw32/bin/../lib/gcc/nios2-elf/4.1.2/../../../../nios2-elf/lib/mno-hw-mul\libc.a(lib_a-int_errno.o)
                                0x171 (size before relaxing)
 .debug_str     0x0000094e       0xe3 c:/altera/13.0sp1/nios2eds/bin/gnu/h-i686-mingw32/bin/../lib/gcc/nios2-elf/4.1.2/../../../../nios2-elf/lib/mno-hw-mul\libc.a(lib_a-memcmp.o)
                                0x178 (size before relaxing)
 .debug_str     0x00000a31       0x6c c:/altera/13.0sp1/nios2eds/bin/gnu/h-i686-mingw32/bin/../lib/gcc/nios2-elf/4.1.2/../../../../nios2-elf/lib/mno-hw-mul\libc.a(lib_a-memcpy.o)
                                0x136 (size before relaxing)
 .debug_str     0x00000a9d       0x52 c:/altera/13.0sp1/nios2eds/bin/gnu/h-i686-mingw32/bin/../lib/gcc/nios2-elf/4.1.2/../../../../nios2-elf/lib/mno-hw-mul\libc.a(lib_a-strlen.o)
                                0x18b (size before relaxing)
 .debug_str     0x00000aef       0x54 c:/altera/13.0sp1/nios2eds/bin/gnu/h-i686-mingw32/bin/../lib/gcc/nios2-elf/4.1.2/../../../../nios2-elf/lib/mno-hw-mul\libc.a(lib_a-__atexit.o)
                                0x532 (size before relaxing)
 .debug_str     0x00000b43       0x7e c:/altera/13.0sp1/nios2eds/bin/gnu/h-i686-mingw32/bin/../lib/gcc/nios2-elf/4.1.2/../../../../nios2-elf/lib/mno-hw-mul\libc.a(lib_a-__call_atexit.o)
                                0x55c (size before relaxing)
 .debug_str     0x00000bc1       0x1c ../montreNIOS_bsp/\libhal_bsp.a(alt_exit.o)

.debug_loc      0x00000000      0xf18
 *(.debug_loc)
 .debug_loc     0x00000000      0x1d9 obj/default/hello_world.o
 .debug_loc     0x000001d9       0x4f c:/altera/13.0sp1/nios2eds/bin/gnu/h-i686-mingw32/bin/../lib/gcc/nios2-elf/4.1.2/mno-hw-mul\libgcc.a(lib2-mul.o)
 .debug_loc     0x00000228       0x2c ../montreNIOS_bsp/\libhal_bsp.a(alt_irq_register.o)
 .debug_loc     0x00000254       0x56 ../montreNIOS_bsp/\libhal_bsp.a(alt_load.o)
 .debug_loc     0x000002aa       0x2b ../montreNIOS_bsp/\libhal_bsp.a(alt_main.o)
 .debug_loc     0x000002d5       0x81 ../montreNIOS_bsp/\libhal_bsp.a(alt_sys_init.o)
 .debug_loc     0x00000356       0xac ../montreNIOS_bsp/\libhal_bsp.a(altera_avalon_jtag_uart_fd.o)
 .debug_loc     0x00000402       0xac ../montreNIOS_bsp/\libhal_bsp.a(altera_avalon_jtag_uart_init.o)
 .debug_loc     0x000004ae       0x2b ../montreNIOS_bsp/\libhal_bsp.a(altera_avalon_jtag_uart_ioctl.o)
 .debug_loc     0x000004d9       0x2b ../montreNIOS_bsp/\libhal_bsp.a(altera_avalon_jtag_uart_read.o)
 .debug_loc     0x00000504       0x2b ../montreNIOS_bsp/\libhal_bsp.a(altera_avalon_jtag_uart_write.o)
 .debug_loc     0x0000052f       0x56 ../montreNIOS_bsp/\libhal_bsp.a(altera_avalon_timer_sc.o)
 .debug_loc     0x00000585       0x2b ../montreNIOS_bsp/\libhal_bsp.a(alt_alarm_start.o)
 .debug_loc     0x000005b0       0x56 ../montreNIOS_bsp/\libhal_bsp.a(alt_close.o)
 .debug_loc     0x00000606       0x2b ../montreNIOS_bsp/\libhal_bsp.a(alt_dcache_flush_all.o)
 .debug_loc     0x00000631       0x2b ../montreNIOS_bsp/\libhal_bsp.a(alt_dev.o)
 .debug_loc     0x0000065c       0x56 ../montreNIOS_bsp/\libhal_bsp.a(alt_dev_llist_insert.o)
 .debug_loc     0x000006b2       0x2b ../montreNIOS_bsp/\libhal_bsp.a(alt_do_ctors.o)
 .debug_loc     0x000006dd       0x2b ../montreNIOS_bsp/\libhal_bsp.a(alt_do_dtors.o)
 .debug_loc     0x00000708       0x2b ../montreNIOS_bsp/\libhal_bsp.a(alt_icache_flush_all.o)
 .debug_loc     0x00000733       0x56 ../montreNIOS_bsp/\libhal_bsp.a(alt_io_redirect.o)
 .debug_loc     0x00000789       0x2b ../montreNIOS_bsp/\libhal_bsp.a(alt_irq_handler.o)
 .debug_loc     0x000007b4       0x81 ../montreNIOS_bsp/\libhal_bsp.a(alt_open.o)
 .debug_loc     0x00000835       0x2b ../montreNIOS_bsp/\libhal_bsp.a(alt_release_fd.o)
 .debug_loc     0x00000860       0x56 ../montreNIOS_bsp/\libhal_bsp.a(alt_tick.o)
 .debug_loc     0x000008b6       0x2b ../montreNIOS_bsp/\libhal_bsp.a(altera_nios2_qsys_irq.o)
 .debug_loc     0x000008e1       0x2b ../montreNIOS_bsp/\libhal_bsp.a(alt_find_dev.o)
 .debug_loc     0x0000090c       0x2b ../montreNIOS_bsp/\libhal_bsp.a(alt_find_file.o)
 .debug_loc     0x00000937       0x2b ../montreNIOS_bsp/\libhal_bsp.a(alt_get_fd.o)
 .debug_loc     0x00000962       0x1e c:/altera/13.0sp1/nios2eds/bin/gnu/h-i686-mingw32/bin/../lib/gcc/nios2-elf/4.1.2/../../../../nios2-elf/lib/mno-hw-mul\libc.a(lib_a-atexit.o)
 .debug_loc     0x00000980       0x3d c:/altera/13.0sp1/nios2eds/bin/gnu/h-i686-mingw32/bin/../lib/gcc/nios2-elf/4.1.2/../../../../nios2-elf/lib/mno-hw-mul\libc.a(lib_a-exit.o)
 .debug_loc     0x000009bd      0x114 c:/altera/13.0sp1/nios2eds/bin/gnu/h-i686-mingw32/bin/../lib/gcc/nios2-elf/4.1.2/../../../../nios2-elf/lib/mno-hw-mul\libc.a(lib_a-memcmp.o)
 .debug_loc     0x00000ad1       0xca c:/altera/13.0sp1/nios2eds/bin/gnu/h-i686-mingw32/bin/../lib/gcc/nios2-elf/4.1.2/../../../../nios2-elf/lib/mno-hw-mul\libc.a(lib_a-memcpy.o)
 .debug_loc     0x00000b9b       0x3c c:/altera/13.0sp1/nios2eds/bin/gnu/h-i686-mingw32/bin/../lib/gcc/nios2-elf/4.1.2/../../../../nios2-elf/lib/mno-hw-mul\libc.a(lib_a-strlen.o)
 .debug_loc     0x00000bd7      0x120 c:/altera/13.0sp1/nios2eds/bin/gnu/h-i686-mingw32/bin/../lib/gcc/nios2-elf/4.1.2/../../../../nios2-elf/lib/mno-hw-mul\libc.a(lib_a-__atexit.o)
 .debug_loc     0x00000cf7      0x1cb c:/altera/13.0sp1/nios2eds/bin/gnu/h-i686-mingw32/bin/../lib/gcc/nios2-elf/4.1.2/../../../../nios2-elf/lib/mno-hw-mul\libc.a(lib_a-__call_atexit.o)
 .debug_loc     0x00000ec2       0x56 ../montreNIOS_bsp/\libhal_bsp.a(alt_exit.o)

.debug_macinfo
 *(.debug_macinfo)

.debug_weaknames
 *(.debug_weaknames)

.debug_funcnames
 *(.debug_funcnames)

.debug_typenames
 *(.debug_typenames)

.debug_varnames
 *(.debug_varnames)

.debug_alt_sim_info
                0x00000000       0x10
 *(.debug_alt_sim_info)
 .debug_alt_sim_info
                0x00000000       0x10 ../montreNIOS_bsp//obj/HAL/src/crt0.o
                0x01000000                __alt_data_end = 0x1000000
                0x01000000                PROVIDE (__alt_stack_pointer, __alt_data_end)
                0x00805cc4                PROVIDE (__alt_stack_limit, __alt_stack_base)
                0x00805cc4                PROVIDE (__alt_heap_start, end)
                0x01000000                PROVIDE (__alt_heap_limit, 0x1000000)
OUTPUT(montreNIOS.elf elf32-littlenios2)

.debug_ranges   0x00000000       0x90
 .debug_ranges  0x00000000       0x20 ../montreNIOS_bsp//obj/HAL/src/crt0.o
 .debug_ranges  0x00000020       0x28 ../montreNIOS_bsp/\libhal_bsp.a(alt_irq_entry.o)
 .debug_ranges  0x00000048       0x30 ../montreNIOS_bsp/\libhal_bsp.a(alt_exception_entry.o)
 .debug_ranges  0x00000078       0x18 c:/altera/13.0sp1/nios2eds/bin/gnu/h-i686-mingw32/bin/../lib/gcc/nios2-elf/4.1.2/../../../../nios2-elf/lib/mno-hw-mul\libc.a(lib_a-__call_atexit.o)
